Component: ARM Compiler 5.06 update 6 (build 750) Tool: armlink [4d35ed]

==============================================================================

Section Cross References

    main.o(.text) refers to 24c02.o(.text) for AT24C02_ReadOneByte
    main.o(.text) refers to fflt_clz.o(x$fpl$fflt) for __aeabi_i2f
    main.o(.text) refers to fflt_clz.o(x$fpl$ffltu) for __aeabi_ui2f
    main.o(.text) refers to faddsub_clz.o(x$fpl$fadd) for __aeabi_fadd
    main.o(.text) refers to fdiv.o(x$fpl$fdiv) for __aeabi_fdiv
    main.o(.text) refers to usart4.o(.text) for u4_printf
    main.o(.text) refers to delay.o(.text) for Delay_Init
    main.o(.text) refers to usart1.o(.text) for Usart1_Init
    main.o(.text) refers to led.o(.text) for LED_GPIO_Init
    main.o(.text) refers to eeprom_iic.o(.text) for EEPROM_IIC_Init
    main.o(.text) refers to i2c.o(.text) for I2C_Configuration
    main.o(.text) refers to malloc.o(.text) for mem_init
    main.o(.text) refers to mmc_sd.o(.text) for SD_Initialize
    main.o(.text) refers to exfuns.o(.text) for exfuns_init
    main.o(.text) refers to ff.o(.text) for f_mount
    main.o(.text) refers to rtc.o(.text) for RTC_Init
    main.o(.text) refers to w5500_app.o(.text) for W5500_init
    main.o(.text) refers to usart5.o(.text) for Uart5_init
    main.o(.text) refers to sht2x.o(.text) for SHT2X_Init
    main.o(.text) refers to wdg.o(.text) for IWDG_Init
    main.o(.text) refers to stm32f10x_gpio.o(.text) for GPIO_ReadInputDataBit
    main.o(.text) refers to fattester.o(.text) for write_txt_file
    main.o(.text) refers to fleqf.o(x$fpl$fleqf) for __aeabi_cfcmple
    main.o(.text) refers to frleqf.o(x$fpl$frleqf) for __aeabi_cfrcmple
    main.o(.text) refers to f2d.o(x$fpl$f2d) for __aeabi_f2d
    main.o(.text) refers to main.o(.bss) for Sensor
    main.o(.text) refers to w5500_app.o(.data) for DstIP
    main.o(.text) refers to exfuns.o(.data) for fs
    main.o(.text) refers to stm32f10x_it.o(.data) for Time3_Count
    main.o(.text) refers to main.o(.data) for add_num
    delay.o(.text) refers to misc.o(.text) for SysTick_CLKSourceConfig
    usart1.o(.text) refers to misc.o(.text) for NVIC_PriorityGroupConfig
    usart1.o(.text) refers to stm32f10x_rcc.o(.text) for RCC_APB2PeriphClockCmd
    usart1.o(.text) refers to stm32f10x_gpio.o(.text) for GPIO_Init
    usart1.o(.text) refers to stm32f10x_usart.o(.text) for USART_Init
    usart1.o(.text) refers to c89vsprintf.o(.text) for __c89vsprintf
    usart1.o(.text) refers to strlen.o(.text) for strlen
    usart1.o(.text) refers to delay.o(.text) for Delay_Ms
    usart1.o(.text) refers to rt_memcpy_w.o(.text) for __aeabi_memcpy4
    usart1.o(.text) refers to rt_memclr_w.o(.text) for __aeabi_memclr4
    usart1.o(.text) refers to fmul.o(x$fpl$fmul) for __aeabi_fmul
    usart1.o(.text) refers to ffix.o(x$fpl$ffix) for __aeabi_f2iz
    usart1.o(.text) refers to usart1.o(.bss) for Usart1_TxBuff
    usart1.o(.text) refers to usart1.o(.data) for Usart1_RxCounter
    usart1.o(.text) refers to usart1.o(.constdata) for .constdata
    usart1.o(.text) refers to main.o(.bss) for Sensor
    stm32f10x_it.o(.text) refers to stm32f10x_tim.o(.text) for TIM_GetITStatus
    stm32f10x_it.o(.text) refers to rt_memcpy_v6.o(.text) for __aeabi_memcpy
    stm32f10x_it.o(.text) refers to usart2.o(.data) for Usart2_RxCompleted
    stm32f10x_it.o(.text) refers to usart2.o(.bss) for Usart2_RxBuff
    stm32f10x_it.o(.text) refers to wifi.o(.bss) for Wifi_Data_buff
    led.o(.text) refers to stm32f10x_rcc.o(.text) for RCC_APB2PeriphClockCmd
    led.o(.text) refers to stm32f10x_gpio.o(.text) for GPIO_Init
    key.o(.text) refers to stm32f10x_rcc.o(.text) for RCC_APB2PeriphClockCmd
    key.o(.text) refers to stm32f10x_gpio.o(.text) for GPIO_Init
    key.o(.text) refers to delay.o(.text) for Delay_Ms
    key.o(.text) refers to stm32f10x_exti.o(.text) for EXTI_Init
    key.o(.text) refers to misc.o(.text) for NVIC_Init
    24c02.o(.text) refers to eeprom_iic.o(.text) for IIC_Start
    24c02.o(.text) refers to delay.o(.text) for Delay_Ms
    w5500.o(.text) refers to wizchip_conf.o(.data) for WIZCHIP
    wizchip_conf.o(.text) refers to w5500.o(.text) for WIZCHIP_READ
    wizchip_conf.o(.text) refers to wizchip_conf.o(.data) for WIZCHIP
    wizchip_conf.o(.data) refers to wizchip_conf.o(.text) for wizchip_cris_enter
    socket.o(.text) refers to w5500.o(.text) for WIZCHIP_WRITE
    socket.o(.text) refers to socket.o(.data) for sock_is_sending
    socket.o(.text) refers to socket.o(.bss) for sock_remained_size
    dhcp.o(.text) refers to w5500.o(.text) for WIZCHIP_WRITE_BUF
    dhcp.o(.text) refers to dhcp.o(.data) for DHCP_allocated_ip
    dhcp.o(.text) refers to socket.o(.text) for sendto
    dhcp.o(.data) refers to dhcp.o(.text) for default_ip_assign
    spi.o(.text) refers to stm32f10x_rcc.o(.text) for RCC_APB2PeriphClockCmd
    spi.o(.text) refers to stm32f10x_gpio.o(.text) for GPIO_Init
    spi.o(.text) refers to stm32f10x_spi.o(.text) for SPI_Init
[...]
    TIM8_CC_IRQHandler                       0x08006a8f   Thumb Code     0  startup_stm32f10x_hd.o(.text)
    TIM8_TRG_COM_IRQHandler                  0x08006a8f   Thumb Code     0  startup_stm32f10x_hd.o(.text)
    TIM8_UP_IRQHandler                       0x08006a8f   Thumb Code     0  startup_stm32f10x_hd.o(.text)
    USART3_IRQHandler                        0x08006a8f   Thumb Code     0  startup_stm32f10x_hd.o(.text)
    USBWakeUp_IRQHandler                     0x08006a8f   Thumb Code     0  startup_stm32f10x_hd.o(.text)
    USB_HP_CAN1_TX_IRQHandler                0x08006a8f   Thumb Code     0  startup_stm32f10x_hd.o(.text)
    USB_LP_CAN1_RX0_IRQHandler               0x08006a8f   Thumb Code     0  startup_stm32f10x_hd.o(.text)
    WWDG_IRQHandler                          0x08006a8f   Thumb Code     0  startup_stm32f10x_hd.o(.text)
    __user_initial_stackheap                 0x08006a91   Thumb Code     0  startup_stm32f10x_hd.o(.text)
    NVIC_PriorityGroupConfig                 0x08006ab5   Thumb Code    10  misc.o(.text)
    NVIC_Init                                0x08006abf   Thumb Code   100  misc.o(.text)
    NVIC_SetVectorTable                      0x08006b23   Thumb Code    14  misc.o(.text)
    NVIC_SystemLPConfig                      0x08006b31   Thumb Code    34  misc.o(.text)
    SysTick_CLKSourceConfig                  0x08006b53   Thumb Code    40  misc.o(.text)
    RCC_DeInit                               0x08006b91   Thumb Code    78  stm32f10x_rcc.o(.text)
    RCC_HSEConfig                            0x08006bdf   Thumb Code    70  stm32f10x_rcc.o(.text)
    RCC_GetFlagStatus                        0x08006c25   Thumb Code    56  stm32f10x_rcc.o(.text)
    RCC_WaitForHSEStartUp                    0x08006c5d   Thumb Code    56  stm32f10x_rcc.o(.text)
    RCC_AdjustHSICalibrationValue            0x08006c95   Thumb Code    20  stm32f10x_rcc.o(.text)
    RCC_HSICmd                               0x08006ca9   Thumb Code     6  stm32f10x_rcc.o(.text)
    RCC_PLLConfig                            0x08006caf   Thumb Code    24  stm32f10x_rcc.o(.text)
    RCC_PLLCmd                               0x08006cc7   Thumb Code     6  stm32f10x_rcc.o(.text)
    RCC_PREDIV1Config                        0x08006ccd   Thumb Code    24  stm32f10x_rcc.o(.text)
    RCC_PREDIV2Config                        0x08006ce5   Thumb Code    18  stm32f10x_rcc.o(.text)
    RCC_PLL2Config                           0x08006cf7   Thumb Code    18  stm32f10x_rcc.o(.text)
    RCC_PLL2Cmd                              0x08006d09   Thumb Code     6  stm32f10x_rcc.o(.text)
    RCC_PLL3Config                           0x08006d0f   Thumb Code    18  stm32f10x_rcc.o(.text)
    RCC_PLL3Cmd                              0x08006d21   Thumb Code     6  stm32f10x_rcc.o(.text)
    RCC_SYSCLKConfig                         0x08006d27   Thumb Code    18  stm32f10x_rcc.o(.text)
    RCC_GetSYSCLKSource                      0x08006d39   Thumb Code    10  stm32f10x_rcc.o(.text)
    RCC_HCLKConfig                           0x08006d43   Thumb Code    18  stm32f10x_rcc.o(.text)
    RCC_PCLK1Config                          0x08006d55   Thumb Code    18  stm32f10x_rcc.o(.text)
    RCC_PCLK2Config                          0x08006d67   Thumb Code    20  stm32f10x_rcc.o(.text)
    RCC_ITConfig                             0x08006d7b   Thumb Code    26  stm32f10x_rcc.o(.text)
    RCC_OTGFSCLKConfig                       0x08006d95   Thumb Code     8  stm32f10x_rcc.o(.text)
    RCC_ADCCLKConfig                         0x08006d9d   Thumb Code    18  stm32f10x_rcc.o(.text)
    RCC_I2S2CLKConfig                        0x08006daf   Thumb Code     6  stm32f10x_rcc.o(.text)
    RCC_I2S3CLKConfig                        0x08006db5   Thumb Code     8  stm32f10x_rcc.o(.text)
    RCC_LSEConfig                            0x08006dbd   Thumb Code    50  stm32f10x_rcc.o(.text)
    RCC_LSICmd                               0x08006def   Thumb Code     6  stm32f10x_rcc.o(.text)
    RCC_RTCCLKConfig                         0x08006df5   Thumb Code    12  stm32f10x_rcc.o(.text)
    RCC_RTCCLKCmd                            0x08006e01   Thumb Code     8  stm32f10x_rcc.o(.text)
    RCC_GetClocksFreq                        0x08006e09   Thumb Code   420  stm32f10x_rcc.o(.text)
    RCC_AHBPeriphClockCmd                    0x08006fad   Thumb Code    26  stm32f10x_rcc.o(.text)
    RCC_APB2PeriphClockCmd                   0x08006fc7   Thumb Code    26  stm32f10x_rcc.o(.text)
    RCC_APB1PeriphClockCmd                   0x08006fe1   Thumb Code    26  stm32f10x_rcc.o(.text)
    RCC_AHBPeriphResetCmd                    0x08006ffb   Thumb Code    26  stm32f10x_rcc.o(.text)
    RCC_APB2PeriphResetCmd                   0x08007015   Thumb Code    26  stm32f10x_rcc.o(.text)
    RCC_APB1PeriphResetCmd                   0x0800702f   Thumb Code    26  stm32f10x_rcc.o(.text)
    RCC_BackupResetCmd                       0x08007049   Thumb Code     6  stm32f10x_rcc.o(.text)
    RCC_ClockSecuritySystemCmd               0x0800704f   Thumb Code     6  stm32f10x_rcc.o(.text)
    RCC_MCOConfig                            0x08007055   Thumb Code     6  stm32f10x_rcc.o(.text)
    RCC_ClearFlag                            0x0800705b   Thumb Code    14  stm32f10x_rcc.o(.text)
    RCC_GetITStatus                          0x08007069   Thumb Code    20  stm32f10x_rcc.o(.text)
    RCC_ClearITPendingBit                    0x0800707d   Thumb Code     6  stm32f10x_rcc.o(.text)
    TIM_DeInit                               0x08007091   Thumb Code   424  stm32f10x_tim.o(.text)
    TIM_TimeBaseInit                         0x08007239   Thumb Code   122  stm32f10x_tim.o(.text)
    TIM_OC1Init                              0x080072b3   Thumb Code   132  stm32f10x_tim.o(.text)
    TIM_OC2Init                              0x08007337   Thumb Code   154  stm32f10x_tim.o(.text)
    TIM_OC3Init                              0x080073d1   Thumb Code   150  stm32f10x_tim.o(.text)
    TIM_OC4Init                              0x08007467   Thumb Code   182  stm32f10x_tim.o(.text)
    TIM_SetIC4Prescaler                      0x0800751d   Thumb Code    26  stm32f10x_tim.o(.text)
    TIM_SetIC3Prescaler                      0x080075b9   Thumb Code    18  stm32f10x_tim.o(.text)
    TIM_SetIC2Prescaler                      0x08007645   Thumb Code    26  stm32f10x_tim.o(.text)
    TIM_SetIC1Prescaler                      0x080076e1   Thumb Code    18  stm32f10x_tim.o(.text)
    TIM_ICInit                               0x0800775f   Thumb Code   150  stm32f10x_tim.o(.text)
    TIM_PWMIConfig                           0x080077f5   Thumb Code   124  stm32f10x_tim.o(.text)
    TIM_BDTRConfig                           0x08007871   Thumb Code    32  stm32f10x_tim.o(.text)
    TIM_TimeBaseStructInit                   0x08007891   Thumb Code    18  stm32f10x_tim.o(.text)
    TIM_OCStructInit                         0x080078a3   Thumb Code    20  stm32f10x_tim.o(.text)
    TIM_ICStructInit                         0x080078b7   Thumb Code    18  stm32f10x_tim.o(.text)
    TIM_BDTRStructInit                       0x080078c9   Thumb Code    40  stm32f10x_tim.o(.text)
    TIM_Cmd                                  0x080078f1   Thumb Code    24  stm32f10x_tim.o(.text)
    TIM_CtrlPWMOutputs                       0x08007909   Thumb Code    30  stm32f10x_tim.o(.text)
    TIM_ITConfig                             0x08007927   Thumb Code    18  stm32f10x_tim.o(.text)
    TIM_GenerateEvent                        0x08007939   Thumb Code     4  stm32f10x_tim.o(.text)
    TIM_DMAConfig                            0x0800793d   Thumb Code    10  stm32f10x_tim.o(.text)
    TIM_DMACmd                               0x08007947   Thumb Code    18  stm32f10x_tim.o(.text)
    TIM_InternalClockConfig                  0x08007959   Thumb Code    12  stm32f10x_tim.o(.text)
    TIM_SelectInputTrigger                   0x08007965   Thumb Code    18  stm32f10x_tim.o(.text)
    TIM_ITRxExternalClockConfig              0x08007977   Thumb Code    24  stm32f10x_tim.o(.text)
    TIM_TIxExternalClockConfig               0x0800798f   Thumb Code    62  stm32f10x_tim.o(.text)
    TIM_ETRConfig                            0x080079cd   Thumb Code    28  stm32f10x_tim.o(.text)
    TIM_ETRClockMode1Config                  0x080079e9   Thumb Code    54  stm32f10x_tim.o(.text)
    TIM_ETRClockMode2Config                  0x08007a1f   Thumb Code    32  stm32f10x_tim.o(.text)
    TIM_PrescalerConfig                      0x08007a3f   Thumb Code     6  stm32f10x_tim.o(.text)
    TIM_CounterModeConfig                    0x08007a45   Thumb Code    18  stm32f10x_tim.o(.text)
    TIM_EncoderInterfaceConfig               0x08007a57   Thumb Code    66  stm32f10x_tim.o(.text)
    TIM_ForcedOC1Config                      0x08007a99   Thumb Code    18  stm32f10x_tim.o(.text)
    TIM_ForcedOC2Config                      0x08007aab   Thumb Code    26  stm32f10x_tim.o(.text)
    TIM_ForcedOC3Config                      0x08007ac5   Thumb Code    18  stm32f10x_tim.o(.text)
    TIM_ForcedOC4Config                      0x08007ad7   Thumb Code    26  stm32f10x_tim.o(.text)
    TIM_ARRPreloadConfig                     0x08007af1   Thumb Code    24  stm32f10x_tim.o(.text)
    TIM_SelectCOM                            0x08007b09   Thumb Code    24  stm32f10x_tim.o(.text)
    TIM_SelectCCDMA                          0x08007b21   Thumb Code    24  stm32f10x_tim.o(.text)
    TIM_CCPreloadControl                     0x08007b39   Thumb Code    24  stm32f10x_tim.o(.text)
    TIM_OC1PreloadConfig                     0x08007b51   Thumb Code    18  stm32f10x_tim.o(.text)
    TIM_OC2PreloadConfig                     0x08007b63   Thumb Code    26  stm32f10x_tim.o(.text)
    TIM_OC3PreloadConfig                     0x08007b7d   Thumb Code    18  stm32f10x_tim.o(.text)
    TIM_OC4PreloadConfig                     0x08007b8f   Thumb Code    26  stm32f10x_tim.o(.text)
    TIM_OC1FastConfig                        0x08007ba9   Thumb Code    18  stm32f10x_tim.o(.text)
    TIM_OC2FastConfig                        0x08007bbb   Thumb Code    26  stm32f10x_tim.o(.text)
    TIM_OC3FastConfig                        0x08007bd5   Thumb Code    18  stm32f10x_tim.o(.text)
    TIM_OC4FastConfig                        0x08007be7   Thumb Code    26  stm32f10x_tim.o(.text)
    TIM_ClearOC1Ref                          0x08007c01   Thumb Code    18  stm32f10x_tim.o(.text)
    TIM_ClearOC2Ref                          0x08007c13   Thumb Code    24  stm32f10x_tim.o(.text)
    TIM_ClearOC3Ref                          0x08007c2b   Thumb Code    18  stm32f10x_tim.o(.text)
    TIM_ClearOC4Ref                          0x08007c3d   Thumb Code    24  stm32f10x_tim.o(.text)
    TIM_OC1PolarityConfig                    0x08007c55   Thumb Code    18  stm32f10x_tim.o(.text)
    TIM_OC1NPolarityConfig                   0x08007c67   Thumb Code    18  stm32f10x_tim.o(.text)
    TIM_OC2PolarityConfig                    0x08007c79   Thumb Code    26  stm32f10x_tim.o(.text)
    TIM_OC2NPolarityConfig                   0x08007c93   Thumb Code    26  stm32f10x_tim.o(.text)
    TIM_OC3PolarityConfig                    0x08007cad   Thumb Code    26  stm32f10x_tim.o(.text)
    TIM_OC3NPolarityConfig                   0x08007cc7   Thumb Code    26  stm32f10x_tim.o(.text)
    TIM_OC4PolarityConfig                    0x08007ce1   Thumb Code    26  stm32f10x_tim.o(.text)
    TIM_CCxCmd                               0x08007cfb   Thumb Code    30  stm32f10x_tim.o(.text)
    TIM_CCxNCmd                              0x08007d19   Thumb Code    30  stm32f10x_tim.o(.text)
    TIM_SelectOCxM                           0x08007d37   Thumb Code    82  stm32f10x_tim.o(.text)
    TIM_UpdateDisableConfig                  0x08007d89   Thumb Code    24  stm32f10x_tim.o(.text)
    TIM_UpdateRequestConfig                  0x08007da1   Thumb Code    24  stm32f10x_tim.o(.text)
    TIM_SelectHallSensor                     0x08007db9   Thumb Code    24  stm32f10x_tim.o(.text)
    TIM_SelectOnePulseMode                   0x08007dd1   Thumb Code    18  stm32f10x_tim.o(.text)
    TIM_SelectOutputTrigger                  0x08007de3   Thumb Code    18  stm32f10x_tim.o(.text)
    TIM_SelectSlaveMode                      0x08007df5   Thumb Code    18  stm32f10x_tim.o(.text)
    TIM_SelectMasterSlaveMode                0x08007e07   Thumb Code    18  stm32f10x_tim.o(.text)
    TIM_SetCounter                           0x08007e19   Thumb Code     4  stm32f10x_tim.o(.text)
    TIM_SetAutoreload                        0x08007e1d   Thumb Code     4  stm32f10x_tim.o(.text)
    TIM_SetCompare1                          0x08007e21   Thumb Code     4  stm32f10x_tim.o(.text)
    TIM_SetCompare2                          0x08007e25   Thumb Code     4  stm32f10x_tim.o(.text)
    TIM_SetCompare3                          0x08007e29   Thumb Code     4  stm32f10x_tim.o(.text)
    TIM_SetCompare4                          0x08007e2d   Thumb Code     6  stm32f10x_tim.o(.text)
    TIM_SetClockDivision                     0x08007e33   Thumb Code    18  stm32f10x_tim.o(.text)
    TIM_GetCapture1                          0x08007e45   Thumb Code     6  stm32f10x_tim.o(.text)
    TIM_GetCapture2                          0x08007e4b   Thumb Code     6  stm32f10x_tim.o(.text)
    TIM_GetCapture3                          0x08007e51   Thumb Code     6  stm32f10x_tim.o(.text)
    TIM_GetCapture4                          0x08007e57   Thumb Code     8  stm32f10x_tim.o(.text)
    TIM_GetCounter                           0x08007e5f   Thumb Code     6  stm32f10x_tim.o(.text)
    TIM_GetPrescaler                         0x08007e65   Thumb Code     6  stm32f10x_tim.o(.text)
    TIM_GetFlagStatus                        0x08007e6b   Thumb Code    18  stm32f10x_tim.o(.text)
    TIM_ClearFlag                            0x08007e7d   Thumb Code     6  stm32f10x_tim.o(.text)
    TIM_GetITStatus                          0x08007e83   Thumb Code    34  stm32f10x_tim.o(.text)
    TIM_ClearITPendingBit                    0x08007ea5   Thumb Code     6  stm32f10x_tim.o(.text)
    USART_DeInit                             0x08007ead   Thumb Code   134  stm32f10x_usart.o(.text)
    USART_Init                               0x08007f33   Thumb Code   210  stm32f10x_usart.o(.text)
    USART_StructInit                         0x08008005   Thumb Code    24  stm32f10x_usart.o(.text)
    USART_ClockInit                          0x0800801d   Thumb Code    34  stm32f10x_usart.o(.text)
    USART_ClockStructInit                    0x0800803f   Thumb Code    12  stm32f10x_usart.o(.text)
    USART_Cmd                                0x0800804b   Thumb Code    24  stm32f10x_usart.o(.text)
    USART_ITConfig                           0x08008063   Thumb Code    74  stm32f10x_usart.o(.text)
    USART_DMACmd                             0x080080ad   Thumb Code    18  stm32f10x_usart.o(.text)
    USART_SetAddress                         0x080080bf   Thumb Code    18  stm32f10x_usart.o(.text)
    USART_WakeUpConfig                       0x080080d1   Thumb Code    18  stm32f10x_usart.o(.text)
    USART_ReceiverWakeUpCmd                  0x080080e3   Thumb Code    24  stm32f10x_usart.o(.text)
    USART_LINBreakDetectLengthConfig         0x080080fb   Thumb Code    18  stm32f10x_usart.o(.text)
    USART_LINCmd                             0x0800810d   Thumb Code    24  stm32f10x_usart.o(.text)
    USART_SendData                           0x08008125   Thumb Code     8  stm32f10x_usart.o(.text)
    USART_ReceiveData                        0x0800812d   Thumb Code    10  stm32f10x_usart.o(.text)
    USART_SendBreak                          0x08008137   Thumb Code    10  stm32f10x_usart.o(.text)
    USART_SetGuardTime                       0x08008141   Thumb Code    16  stm32f10x_usart.o(.text)
    USART_SetPrescaler                       0x08008151   Thumb Code    16  stm32f10x_usart.o(.text)
    USART_SmartCardCmd                       0x08008161   Thumb Code    24  stm32f10x_usart.o(.text)
    USART_SmartCardNACKCmd                   0x08008179   Thumb Code    24  stm32f10x_usart.o(.text)
    USART_HalfDuplexCmd                      0x08008191   Thumb Code    24  stm32f10x_usart.o(.text)
    USART_OverSampling8Cmd                   0x080081a9   Thumb Code    22  stm32f10x_usart.o(.text)
    USART_OneBitMethodCmd                    0x080081bf   Thumb Code    24  stm32f10x_usart.o(.text)
    USART_IrDAConfig                         0x080081d7   Thumb Code    18  stm32f10x_usart.o(.text)
    USART_IrDACmd                            0x080081e9   Thumb Code    24  stm32f10x_usart.o(.text)
    USART_GetFlagStatus                      0x08008201   Thumb Code    26  stm32f10x_usart.o(.text)
    USART_ClearFlag                          0x0800821b   Thumb Code    18  stm32f10x_usart.o(.text)
    USART_GetITStatus                        0x0800822d   Thumb Code    84  stm32f10x_usart.o(.text)
    USART_ClearITPendingBit                  0x08008281   Thumb Code    52  stm32f10x_usart.o(.text)
    GPIO_DeInit                              0x080082b5   Thumb Code   172  stm32f10x_gpio.o(.text)
    GPIO_AFIODeInit                          0x08008361   Thumb Code    20  stm32f10x_gpio.o(.text)
    GPIO_Init                                0x08008375   Thumb Code   278  stm32f10x_gpio.o(.text)
    GPIO_StructInit                          0x0800848b   Thumb Code    16  stm32f10x_gpio.o(.text)
    GPIO_ReadInputDataBit                    0x0800849b   Thumb Code    18  stm32f10x_gpio.o(.text)
    GPIO_ReadInputData                       0x080084ad   Thumb Code     8  stm32f10x_gpio.o(.text)
    GPIO_ReadOutputDataBit                   0x080084b5   Thumb Code    18  stm32f10x_gpio.o(.text)
    GPIO_ReadOutputData                      0x080084c7   Thumb Code     8  stm32f10x_gpio.o(.text)
    GPIO_SetBits                             0x080084cf   Thumb Code     4  stm32f10x_gpio.o(.text)
    GPIO_ResetBits                           0x080084d3   Thumb Code     4  stm32f10x_gpio.o(.text)
    GPIO_WriteBit                            0x080084d7   Thumb Code    10  stm32f10x_gpio.o(.text)
    GPIO_Write                               0x080084e1   Thumb Code     4  stm32f10x_gpio.o(.text)
    GPIO_PinLockConfig                       0x080084e5   Thumb Code    18  stm32f10x_gpio.o(.text)
    GPIO_EventOutputConfig                   0x080084f7   Thumb Code    26  stm32f10x_gpio.o(.text)
    GPIO_EventOutputCmd                      0x08008511   Thumb Code     6  stm32f10x_gpio.o(.text)
    GPIO_PinRemapConfig                      0x08008517   Thumb Code   138  stm32f10x_gpio.o(.text)
    GPIO_EXTILineConfig                      0x080085a1   Thumb Code    66  stm32f10x_gpio.o(.text)
    GPIO_ETH_MediaInterfaceConfig            0x080085e3   Thumb Code     8  stm32f10x_gpio.o(.text)
    SPI_I2S_DeInit                           0x08008611   Thumb Code    76  stm32f10x_spi.o(.text)
    SPI_Init                                 0x0800865d   Thumb Code    60  stm32f10x_spi.o(.text)
    I2S_Init                                 0x08008699   Thumb Code   292  stm32f10x_spi.o(.text)
    SPI_StructInit                           0x080087bd   Thumb Code    24  stm32f10x_spi.o(.text)
    I2S_StructInit                           0x080087d5   Thumb Code    20  stm32f10x_spi.o(.text)
    SPI_Cmd                                  0x080087e9   Thumb Code    24  stm32f10x_spi.o(.text)
    I2S_Cmd                                  0x08008801   Thumb Code    24  stm32f10x_spi.o(.text)
    SPI_I2S_ITConfig                         0x08008819   Thumb Code    32  stm32f10x_spi.o(.text)
    SPI_I2S_DMACmd                           0x08008839   Thumb Code    18  stm32f10x_spi.o(.text)
    SPI_I2S_SendData                         0x0800884b   Thumb Code     4  stm32f10x_spi.o(.text)
    SPI_I2S_ReceiveData                      0x0800884f   Thumb Code     6  stm32f10x_spi.o(.text)
    SPI_NSSInternalSoftwareConfig            0x08008855   Thumb Code    30  stm32f10x_spi.o(.text)
    SPI_SSOutputCmd                          0x08008873   Thumb Code    24  stm32f10x_spi.o(.text)
    SPI_DataSizeConfig                       0x0800888b   Thumb Code    18  stm32f10x_spi.o(.text)
    SPI_TransmitCRC                          0x0800889d   Thumb Code    10  stm32f10x_spi.o(.text)
    SPI_CalculateCRC                         0x080088a7   Thumb Code    24  stm32f10x_spi.o(.text)
    SPI_GetCRC                               0x080088bf   Thumb Code    16  stm32f10x_spi.o(.text)
    SPI_GetCRCPolynomial                     0x080088cf   Thumb Code     6  stm32f10x_spi.o(.text)
    SPI_BiDirectionalLineConfig              0x080088d5   Thumb Code    28  stm32f10x_spi.o(.text)
    SPI_I2S_GetFlagStatus                    0x080088f1   Thumb Code    18  stm32f10x_spi.o(.text)
    SPI_I2S_ClearFlag                        0x08008903   Thumb Code     6  stm32f10x_spi.o(.text)
    SPI_I2S_GetITStatus                      0x08008909   Thumb Code    52  stm32f10x_spi.o(.text)
    SPI_I2S_ClearITPendingBit                0x0800893d   Thumb Code    20  stm32f10x_spi.o(.text)
    IWDG_WriteAccessCmd                      0x08008965   Thumb Code     6  stm32f10x_iwdg.o(.text)
    IWDG_SetPrescaler                        0x0800896b   Thumb Code     6  stm32f10x_iwdg.o(.text)
    IWDG_SetReload                           0x08008971   Thumb Code     6  stm32f10x_iwdg.o(.text)
    IWDG_ReloadCounter                       0x08008977   Thumb Code    10  stm32f10x_iwdg.o(.text)
    IWDG_Enable                              0x08008981   Thumb Code    10  stm32f10x_iwdg.o(.text)
    IWDG_GetFlagStatus                       0x0800898b   Thumb Code    20  stm32f10x_iwdg.o(.text)
    RTC_ITConfig                             0x080089a5   Thumb Code    26  stm32f10x_rtc.o(.text)
    RTC_EnterConfigMode                      0x080089bf   Thumb Code    18  stm32f10x_rtc.o(.text)
    RTC_ExitConfigMode                       0x080089d1   Thumb Code    20  stm32f10x_rtc.o(.text)
    RTC_GetCounter                           0x080089e5   Thumb Code    18  stm32f10x_rtc.o(.text)
    RTC_SetCounter                           0x080089f7   Thumb Code    26  stm32f10x_rtc.o(.text)
    RTC_SetPrescaler                         0x08008a11   Thumb Code    28  stm32f10x_rtc.o(.text)
    RTC_SetAlarm                             0x08008a2d   Thumb Code    26  stm32f10x_rtc.o(.text)
    RTC_GetDivider                           0x08008a47   Thumb Code    22  stm32f10x_rtc.o(.text)
    RTC_WaitForLastTask                      0x08008a5d   Thumb Code    18  stm32f10x_rtc.o(.text)
    RTC_WaitForSynchro                       0x08008a6f   Thumb Code    36  stm32f10x_rtc.o(.text)
    RTC_GetFlagStatus                        0x08008a93   Thumb Code    22  stm32f10x_rtc.o(.text)
    RTC_ClearFlag                            0x08008aa9   Thumb Code    16  stm32f10x_rtc.o(.text)
    RTC_GetITStatus                          0x08008ab9   Thumb Code    32  stm32f10x_rtc.o(.text)
    RTC_ClearITPendingBit                    0x08008ad9   Thumb Code    16  stm32f10x_rtc.o(.text)
    BKP_DeInit                               0x08008aed   Thumb Code    16  stm32f10x_bkp.o(.text)
    BKP_TamperPinLevelConfig                 0x08008afd   Thumb Code     6  stm32f10x_bkp.o(.text)
    BKP_TamperPinCmd                         0x08008b03   Thumb Code     8  stm32f10x_bkp.o(.text)
    BKP_ITConfig                             0x08008b0b   Thumb Code     8  stm32f10x_bkp.o(.text)
    BKP_RTCOutputConfig                      0x08008b13   Thumb Code    22  stm32f10x_bkp.o(.text)
    BKP_SetRTCCalibrationValue               0x08008b29   Thumb Code    22  stm32f10x_bkp.o(.text)
    BKP_WriteBackupRegister                  0x08008b3f   Thumb Code    24  stm32f10x_bkp.o(.text)
    BKP_ReadBackupRegister                   0x08008b57   Thumb Code    26  stm32f10x_bkp.o(.text)
    BKP_GetFlagStatus                        0x08008b71   Thumb Code    10  stm32f10x_bkp.o(.text)
    BKP_ClearFlag                            0x08008b7b   Thumb Code    18  stm32f10x_bkp.o(.text)
    BKP_GetITStatus                          0x08008b8d   Thumb Code    10  stm32f10x_bkp.o(.text)
    BKP_ClearITPendingBit                    0x08008b97   Thumb Code    18  stm32f10x_bkp.o(.text)
    PWR_DeInit                               0x08008bb1   Thumb Code    22  stm32f10x_pwr.o(.text)
    PWR_BackupAccessCmd                      0x08008bc7   Thumb Code     6  stm32f10x_pwr.o(.text)
    PWR_PVDCmd                               0x08008bcd   Thumb Code     6  stm32f10x_pwr.o(.text)
    PWR_PVDLevelConfig                       0x08008bd3   Thumb Code    18  stm32f10x_pwr.o(.text)
    PWR_WakeUpPinCmd                         0x08008be5   Thumb Code     8  stm32f10x_pwr.o(.text)
    PWR_EnterSTOPMode                        0x08008bed   Thumb Code    54  stm32f10x_pwr.o(.text)
    PWR_EnterSTANDBYMode                     0x08008c23   Thumb Code    42  stm32f10x_pwr.o(.text)
    PWR_GetFlagStatus                        0x08008c4d   Thumb Code    20  stm32f10x_pwr.o(.text)
    PWR_ClearFlag                            0x08008c61   Thumb Code    14  stm32f10x_pwr.o(.text)
    mymemcpy                                 0x08008c7d   Thumb Code    26  malloc.o(.text)
    mymemset                                 0x08008c97   Thumb Code    20  malloc.o(.text)
    mem_init                                 0x08008cab   Thumb Code    38  malloc.o(.text)
    mem_perused                              0x08008cd1   Thumb Code    42  malloc.o(.text)
    mem_malloc                               0x08008cfb   Thumb Code   116  malloc.o(.text)
    mem_free                                 0x08008d6f   Thumb Code    66  malloc.o(.text)
    myfree                                   0x08008db1   Thumb Code    24  malloc.o(.text)
    mymalloc                                 0x08008dc9   Thumb Code    28  malloc.o(.text)
    myrealloc                                0x08008de5   Thumb Code    50  malloc.o(.text)
    exfuns_init                              0x08008e1d   Thumb Code   100  exfuns.o(.text)
    char_upper                               0x08008e81   Thumb Code    26  exfuns.o(.text)
    f_typetell                               0x08008e9b   Thumb Code   188  exfuns.o(.text)
    exf_getfree                              0x08008f57   Thumb Code    74  exfuns.o(.text)
    mf_mount                                 0x08008fb5   Thumb Code    20  fattester.o(.text)
    mf_open                                  0x08008fc9   Thumb Code    24  fattester.o(.text)
    mf_close                                 0x08008fe1   Thumb Code    14  fattester.o(.text)
    mf_read                                  0x08008fef   Thumb Code   192  fattester.o(.text)
    mf_write                                 0x080090af   Thumb Code    68  fattester.o(.text)
    mf_opendir                               0x080090f3   Thumb Code    14  fattester.o(.text)
    mf_closedir                              0x08009101   Thumb Code    10  fattester.o(.text)
    mf_readdir                               0x0800910b   Thumb Code   196  fattester.o(.text)
    mf_scan_files                            0x080091cf   Thumb Code   252  fattester.o(.text)
    mf_showfree                              0x080092cb   Thumb Code    88  fattester.o(.text)
    mf_lseek                                 0x08009323   Thumb Code    16  fattester.o(.text)
    mf_tell                                  0x08009333   Thumb Code     8  fattester.o(.text)
    mf_size                                  0x0800933b   Thumb Code     8  fattester.o(.text)
    mf_mkdir                                 0x08009343   Thumb Code    12  fattester.o(.text)
    mf_fmkfs                                 0x0800934f   Thumb Code    20  fattester.o(.text)
    mf_unlink                                0x08009363   Thumb Code    12  fattester.o(.text)
    mf_rename                                0x0800936f   Thumb Code    16  fattester.o(.text)
    mf_getlabel                              0x0800937f   Thumb Code   644  fattester.o(.text)
    mf_setlabel                              0x08009603   Thumb Code    34  fattester.o(.text)
    mf_gets                                  0x08009625   Thumb Code    38  fattester.o(.text)
    mf_putc                                  0x0800964b   Thumb Code    18  fattester.o(.text)
    mf_puts                                  0x0800965d   Thumb Code    18  fattester.o(.text)
    write_txt_file                           0x0800966f   Thumb Code   172  fattester.o(.text)
    read_txt_file                            0x0800971b   Thumb Code    70  fattester.o(.text)
    disk_initialize                          0x08009831   Thumb Code    48  diskio.o(.text)
    disk_status                              0x08009861   Thumb Code     6  diskio.o(.text)
    disk_read                                0x08009867   Thumb Code    82  diskio.o(.text)
    disk_write                               0x080098b9   Thumb Code    62  diskio.o(.text)
    disk_ioctl                               0x080098f7   Thumb Code   154  diskio.o(.text)
    get_fattime                              0x08009991   Thumb Code     4  diskio.o(.text)
    ff_memalloc                              0x08009995   Thumb Code    12  diskio.o(.text)
    ff_memfree                               0x080099a1   Thumb Code    12  diskio.o(.text)
    clust2sect                               0x08009b63   Thumb Code    26  ff.o(.text)
    get_fat                                  0x08009b7d   Thumb Code   232  ff.o(.text)
    put_fat                                  0x08009c65   Thumb Code   310  ff.o(.text)
    f_mount                                  0x0800af77   Thumb Code    86  ff.o(.text)
    f_open                                   0x0800afcd   Thumb Code   384  ff.o(.text)
    f_read                                   0x0800b14d   Thumb Code   450  ff.o(.text)
    f_write                                  0x0800b30f   Thumb Code   498  ff.o(.text)
    f_sync                                   0x0800b501   Thumb Code   176  ff.o(.text)
    f_close                                  0x0800b5b1   Thumb Code    32  ff.o(.text)
    f_lseek                                  0x0800b5d1   Thumb Code   654  ff.o(.text)
    f_opendir                                0x0800b85f   Thumb Code   136  ff.o(.text)
    f_closedir                               0x0800b8e7   Thumb Code    22  ff.o(.text)
    f_readdir                                0x0800b8fd   Thumb Code   114  ff.o(.text)
    f_stat                                   0x0800b96f   Thumb Code    84  ff.o(.text)
    f_getfree                                0x0800b9c3   Thumb Code   258  ff.o(.text)
    f_truncate                               0x0800bac5   Thumb Code   184  ff.o(.text)
    f_unlink                                 0x0800bb7d   Thumb Code   194  ff.o(.text)
    f_mkdir                                  0x0800bc3f   Thumb Code   380  ff.o(.text)
    f_chmod                                  0x0800bdbb   Thumb Code   112  ff.o(.text)
    f_utime                                  0x0800be2b   Thumb Code   110  ff.o(.text)
    f_rename                                 0x0800be99   Thumb Code   314  ff.o(.text)
    f_getlabel                               0x0800bfd3   Thumb Code   190  ff.o(.text)
    f_setlabel                               0x0800c091   Thumb Code   470  ff.o(.text)
    f_mkfs                                   0x0800c267   Thumb Code  1570  ff.o(.text)
    f_gets                                   0x0800c889   Thumb Code    82  ff.o(.text)
    f_putc                                   0x0800c91f   Thumb Code    64  ff.o(.text)
    f_puts                                   0x0800c95f   Thumb Code    74  ff.o(.text)
    f_printf                                 0x0800c9a9   Thumb Code   674  ff.o(.text)
    ff_convert                               0x0800cc4d   Thumb Code   116  cc936.o(.text)
    ff_wtoupper                              0x0800ccc1   Thumb Code    46  cc936.o(.text)
    __use_no_semihosting                     0x0800cd01   Thumb Code     2  use_no_semi_2.o(.text)
    __c89vsprintf                            0x0800cd05   Thumb Code    32  c89vsprintf.o(.text)
    __2printf                                0x0800cd29   Thumb Code    20  __2printf.o(.text)
    __2sprintf                               0x0800cd41   Thumb Code    38  __2sprintf.o(.text)
    _printf_pre_padding                      0x0800cd6d   Thumb Code    44  _printf_pad.o(.text)
    _printf_post_padding                     0x0800cd99   Thumb Code    34  _printf_pad.o(.text)
    _printf_str                              0x0800cdbb   Thumb Code    82  _printf_str.o(.text)
    _printf_int_dec                          0x0800ce0d   Thumb Code   104  _printf_dec.o(.text)
    _printf_longlong_hex                     0x0800ce85   Thumb Code    86  _printf_hex_int_ll_ptr.o(.text)
    _printf_int_hex                          0x0800cedb   Thumb Code    28  _printf_hex_int_ll_ptr.o(.text)
    _printf_ll_hex                           0x0800cef7   Thumb Code    12  _printf_hex_int_ll_ptr.o(.text)
    _printf_hex_ptr                          0x0800cf03   Thumb Code    18  _printf_hex_int_ll_ptr.o(.text)
    __printf                                 0x0800cf19   Thumb Code   388  __printf_flags_ss_wp.o(.text)
    strstr                                   0x0800d0a1   Thumb Code    36  strstr.o(.text)
    strcpy                                   0x0800d0c5   Thumb Code    72  strcpy.o(.text)
    strlen                                   0x0800d10d   Thumb Code    62  strlen.o(.text)
    __aeabi_memcpy                           0x0800d14b   Thumb Code     0  rt_memcpy_v6.o(.text)
    __rt_memcpy                              0x0800d14b   Thumb Code   138  rt_memcpy_v6.o(.text)
    _memcpy_lastbytes                        0x0800d1b1   Thumb Code     0  rt_memcpy_v6.o(.text)
    __aeabi_memcpy4                          0x0800d1d5   Thumb Code     0  rt_memcpy_w.o(.text)
    __aeabi_memcpy8                          0x0800d1d5   Thumb Code     0  rt_memcpy_w.o(.text)
    __rt_memcpy_w                            0x0800d1d5   Thumb Code   100  rt_memcpy_w.o(.text)
    _memcpy_lastbytes_aligned                0x0800d21d   Thumb Code     0  rt_memcpy_w.o(.text)
    __aeabi_memclr                           0x0800d239   Thumb Code     0  rt_memclr.o(.text)
    __rt_memclr                              0x0800d239   Thumb Code    68  rt_memclr.o(.text)
    _memset                                  0x0800d23d   Thumb Code     0  rt_memclr.o(.text)
    __aeabi_memclr4                          0x0800d27d   Thumb Code     0  rt_memclr_w.o(.text)
    __aeabi_memclr8                          0x0800d27d   Thumb Code     0  rt_memclr_w.o(.text)
    __rt_memclr_w                            0x0800d27d   Thumb Code    78  rt_memclr_w.o(.text)
    _memset_w                                0x0800d281   Thumb Code     0  rt_memclr_w.o(.text)
    strcmp                                   0x0800d2cd   Thumb Code   128  strcmpv7m.o(.text)
    __use_two_region_memory                  0x0800d34d   Thumb Code     2  heapauxi.o(.text)
    __rt_heap_escrow$2region                 0x0800d34f   Thumb Code     2  heapauxi.o(.text)
    __rt_heap_expand$2region                 0x0800d351   Thumb Code     2  heapauxi.o(.text)
    __I$use$semihosting                      0x0800d353   Thumb Code     0  use_no_semi.o(.text)
    __use_no_semihosting_swi                 0x0800d353   Thumb Code     2  use_no_semi.o(.text)
    _printf_truncate_signed                  0x0800d355   Thumb Code    18  _printf_truncate.o(.text)
    _printf_truncate_unsigned                0x0800d367   Thumb Code    18  _printf_truncate.o(.text)
    _printf_int_common                       0x0800d379   Thumb Code   178  _printf_intcommon.o(.text)
    _printf_charcount                        0x0800d42b   Thumb Code    40  _printf_charcount.o(.text)
    __lib_sel_fp_printf                      0x0800d453   Thumb Code     2  _printf_fp_dec.o(.text)
    _printf_fp_dec_real                      0x0800d605   Thumb Code   620  _printf_fp_dec.o(.text)
    _printf_char_common                      0x0800d87b   Thumb Code    32  _printf_char_common.o(.text)
    _sputc                                   0x0800d8a1   Thumb Code    10  _sputc.o(.text)
    _printf_cs_common                        0x0800d8ab   Thumb Code    20  _printf_char.o(.text)
    _printf_char                             0x0800d8bf   Thumb Code    16  _printf_char.o(.text)
    _printf_string                           0x0800d8cf   Thumb Code     8  _printf_char.o(.text)
    _printf_char_file                        0x0800d8d9   Thumb Code    32  _printf_char_file.o(.text)
    _printf_wctomb                           0x0800d8fd   Thumb Code   182  _printf_wctomb.o(.text)
    _printf_longlong_dec                     0x0800d9b9   Thumb Code   108  _printf_longlong_dec.o(.text)
    _printf_longlong_oct                     0x0800da35   Thumb Code    66  _printf_oct_int_ll.o(.text)
    _printf_int_oct                          0x0800da77   Thumb Code    24  _printf_oct_int_ll.o(.text)
    _printf_ll_oct                           0x0800da8f   Thumb Code    12  _printf_oct_int_ll.o(.text)
    __rt_locale                              0x0800daa5   Thumb Code     8  rt_locale_intlibspace.o(.text)
    _ll_udiv10                               0x0800daad   Thumb Code   138  lludiv10.o(.text)
    _printf_fp_infnan                        0x0800db39   Thumb Code   112  _printf_fp_infnan.o(.text)
    _printf_lcs_common                       0x0800dbb9   Thumb Code    20  _printf_wchar.o(.text)
    _printf_wchar                            0x0800dbcd   Thumb Code    16  _printf_wchar.o(.text)
    _printf_wstring                          0x0800dbdd   Thumb Code     8  _printf_wchar.o(.text)
    _btod_etento                             0x0800dbe5   Thumb Code   224  bigflt0.o(.text)
    ferror                                   0x0800dcc9   Thumb Code     8  ferror.o(.text)
    _wcrtomb                                 0x0800dcd1   Thumb Code    64  _wcrtomb.o(.text)
    __user_libspace                          0x0800dd11   Thumb Code     8  libspace.o(.text)
    __user_perproc_libspace                  0x0800dd11   Thumb Code     0  libspace.o(.text)
    __user_perthread_libspace                0x0800dd11   Thumb Code     0  libspace.o(.text)
    __user_setup_stackheap                   0x0800dd19   Thumb Code    74  sys_stackheap_outer.o(.text)
    __rt_ctype_table                         0x0800dd65   Thumb Code    16  rt_ctype_table.o(.text)
    exit                                     0x0800dd75   Thumb Code    18  exit.o(.text)
    _btod_d2e                                0x0800dd87   Thumb Code    62  btod.o(CL$$btod_d2e)
    _d2e_denorm_low                          0x0800ddc5   Thumb Code    70  btod.o(CL$$btod_d2e_denorm_low)
    _d2e_norm_op1                            0x0800de0b   Thumb Code    96  btod.o(CL$$btod_d2e_norm_op1)
    __btod_div_common                        0x0800de6b   Thumb Code   696  btod.o(CL$$btod_div_common)
    _e2e                                     0x0800e1a3   Thumb Code   220  btod.o(CL$$btod_e2e)
    _btod_ediv                               0x0800e27f   Thumb Code    42  btod.o(CL$$btod_ediv)
    _btod_emul                               0x0800e2a9   Thumb Code    42  btod.o(CL$$btod_emul)
    __btod_mult_common                       0x0800e2d3   Thumb Code   580  btod.o(CL$$btod_mult_common)
    __ARM_fpclassify                         0x0800e517   Thumb Code    40  fpclassify.o(i.__ARM_fpclassify)
    _is_digit                                0x0800e53f   Thumb Code    14  __printf_wp.o(i._is_digit)
    _get_lc_numeric                          0x0800e54d   Thumb Code    44  lc_numeric_c.o(locale$$code)
    _get_lc_ctype                            0x0800e579   Thumb Code    44  lc_ctype_c.o(locale$$code)
    __aeabi_d2f                              0x0800e5a5   Thumb Code     0  d2f.o(x$fpl$d2f)
    _d2f                                     0x0800e5a5   Thumb Code    98  d2f.o(x$fpl$d2f)
    __aeabi_dadd                             0x0800e609   Thumb Code     0  daddsub_clz.o(x$fpl$dadd)
    _dadd                                    0x0800e609   Thumb Code   332  daddsub_clz.o(x$fpl$dadd)
    __aeabi_dmul                             0x0800e759   Thumb Code     0  dmul.o(x$fpl$dmul)
    _dmul                                    0x0800e759   Thumb Code   332  dmul.o(x$fpl$dmul)
    __fpl_dnaninf                            0x0800e8ad   Thumb Code   156  dnaninf.o(x$fpl$dnaninf)
    __fpl_dretinf                            0x0800e949   Thumb Code    12  dretinf.o(x$fpl$dretinf)
    __aeabi_dsub                             0x0800e955   Thumb Code     0  daddsub_clz.o(x$fpl$dsub)
    _dsub                                    0x0800e955   Thumb Code   464  daddsub_clz.o(x$fpl$dsub)
    __aeabi_f2d                              0x0800eb29   Thumb Code     0  f2d.o(x$fpl$f2d)
    _f2d                                     0x0800eb29   Thumb Code    86  f2d.o(x$fpl$f2d)
    __aeabi_fadd                             0x0800eb81   Thumb Code     0  faddsub_clz.o(x$fpl$fadd)
    _fadd                                    0x0800eb81   Thumb Code   196  faddsub_clz.o(x$fpl$fadd)
    __fpl_fcmp_Inf                           0x0800ec45   Thumb Code    24  fcmpi.o(x$fpl$fcmpinf)
    __aeabi_fdiv                             0x0800ec5d   Thumb Code     0  fdiv.o(x$fpl$fdiv)
    _fdiv                                    0x0800ec5d   Thumb Code   384  fdiv.o(x$fpl$fdiv)
    __aeabi_cfcmpeq                          0x0800ede1   Thumb Code     0  feqf.o(x$fpl$feqf)
    _fcmpeq                                  0x0800ede1   Thumb Code   104  feqf.o(x$fpl$feqf)
    __aeabi_f2iz                             0x0800ee49   Thumb Code     0  ffix.o(x$fpl$ffix)
    _ffix                                    0x0800ee49   Thumb Code    54  ffix.o(x$fpl$ffix)
    __aeabi_f2uiz                            0x0800ee81   Thumb Code     0  ffixu.o(x$fpl$ffixu)
    _ffixu                                   0x0800ee81   Thumb Code    62  ffixu.o(x$fpl$ffixu)
    __aeabi_i2f                              0x0800eec1   Thumb Code     0  fflt_clz.o(x$fpl$fflt)
    _fflt                                    0x0800eec1   Thumb Code    48  fflt_clz.o(x$fpl$fflt)
    __aeabi_ui2f                             0x0800eef1   Thumb Code     0  fflt_clz.o(x$fpl$ffltu)
    _ffltu                                   0x0800eef1   Thumb Code    38  fflt_clz.o(x$fpl$ffltu)
    __aeabi_cfcmple                          0x0800ef19   Thumb Code     0  fleqf.o(x$fpl$fleqf)
    _fcmple                                  0x0800ef19   Thumb Code   104  fleqf.o(x$fpl$fleqf)
    __fpl_fcmple_InfNaN                      0x0800ef6b   Thumb Code     0  fleqf.o(x$fpl$fleqf)
    __aeabi_fmul                             0x0800ef81   Thumb Code     0  fmul.o(x$fpl$fmul)
    _fmul                                    0x0800ef81   Thumb Code   258  fmul.o(x$fpl$fmul)
    __fpl_fnaninf                            0x0800f083   Thumb Code   140  fnaninf.o(x$fpl$fnaninf)
    __fpl_fretinf                            0x0800f10f   Thumb Code    10  fretinf.o(x$fpl$fretinf)
    __aeabi_cfrcmple                         0x0800f119   Thumb Code     0  frleqf.o(x$fpl$frleqf)
    _frcmple                                 0x0800f119   Thumb Code    98  frleqf.o(x$fpl$frleqf)
    __aeabi_fsub                             0x0800f17d   Thumb Code     0  faddsub_clz.o(x$fpl$fsub)
    _fsub                                    0x0800f17d   Thumb Code   234  faddsub_clz.o(x$fpl$fsub)
    _printf_fp_dec                           0x0800f267   Thumb Code     4  printf1.o(x$fpl$printf1)
    __I$use$fp                               0x0800f26a   Number         0  usenofp.o(x$fpl$usenofp)
    table_week                               0x0800f47c   Data          12  rtc.o(.constdata)
    mon_table                                0x0800f488   Data          12  rtc.o(.constdata)
    Region$$Table$$Base                      0x0803a324   Number         0  anon$$obj.o(Region$$Table)
    Region$$Table$$Limit                     0x0803a344   Number         0  anon$$obj.o(Region$$Table)
    __ctype                                  0x0803a36d   Data           0  lc_ctype_c.o(locale$$data)
    add_num                                  0x20000000   Data           2  main.o(.data)
    Usart1_RxCompleted                       0x20000004   Data           1  usart1.o(.data)
    Usart1_RxCounter                         0x20000008   Data           4  usart1.o(.data)
    regGroup                                 0x2000000c   Data           5  usart1.o(.data)
    len                                      0x20000011   Data           1  usart1.o(.data)
    Time3_Count                              0x20000014   Data           4  stm32f10x_it.o(.data)
    WIZCHIP                                  0x20000018   Data          32  wizchip_conf.o(.data)
    DHCP_SOCKET                              0x2000004c   Data           1  dhcp.o(.data)
    DHCP_SIP                                 0x2000004d   Data           4  dhcp.o(.data)
    OLD_allocated_ip                         0x20000051   Data           4  dhcp.o(.data)
    DHCP_allocated_ip                        0x20000055   Data           4  dhcp.o(.data)
    DHCP_allocated_gw                        0x20000059   Data           4  dhcp.o(.data)
    DHCP_allocated_sn                        0x2000005d   Data           4  dhcp.o(.data)
    DHCP_allocated_dns                       0x20000061   Data           4  dhcp.o(.data)
    dhcp_state                               0x20000065   Data           1  dhcp.o(.data)
    dhcp_retry_count                         0x20000066   Data           1  dhcp.o(.data)
    dhcp_lease_time                          0x20000068   Data           4  dhcp.o(.data)
    dhcp_tick_1s                             0x2000006c   Data           4  dhcp.o(.data)
    dhcp_tick_next                           0x20000070   Data           4  dhcp.o(.data)
    DHCP_XID                                 0x20000074   Data           4  dhcp.o(.data)
    pDHCPMSG                                 0x20000078   Data           4  dhcp.o(.data)
    HOST_NAME                                0x2000007c   Data           8  dhcp.o(.data)
    DHCP_CHADDR                              0x20000084   Data           6  dhcp.o(.data)
    dhcp_ip_assign                           0x2000008c   Data           4  dhcp.o(.data)
    dhcp_ip_update                           0x20000090   Data           4  dhcp.o(.data)
    dhcp_ip_conflict                         0x20000094   Data           4  dhcp.o(.data)
    Connect_flag                             0x20000098   Data           1  w5500_app.o(.data)
    tcp_state                                0x2000009c   Data           4  w5500_app.o(.data)
    temp_state                               0x200000a0   Data           4  w5500_app.o(.data)
    my_dhcp_retry                            0x200000a4   Data           1  w5500_app.o(.data)
    SOCK_flag                                0x200000a5   Data           1  w5500_app.o(.data)
    gWIZNETINFO                              0x200000a6   Data          23  w5500_app.o(.data)
    DstIP                                    0x200000bd   Data           4  w5500_app.o(.data)
    DstPort                                  0x200000c4   Data           4  w5500_app.o(.data)
    ret                                      0x200000c8   Data           4  w5500_app.o(.data)
    ret_s                                    0x200000cc   Data           4  w5500_app.o(.data)
    ret_r                                    0x200000d0   Data           4  w5500_app.o(.data)
    sended                                   0x200000d4   Data           4  w5500_app.o(.data)
    temperatureC                             0x200000d8   Data           4  sht2x.o(.data)
    humidityRH                               0x200000dc   Data           4  sht2x.o(.data)
    sndata1                                  0x200000e0   Data           8  sht2x.o(.data)
    sndata2                                  0x200000e8   Data           6  sht2x.o(.data)
    SN1                                      0x200000f0   Data           4  sht2x.o(.data)
    SN2                                      0x200000f4   Data           4  sht2x.o(.data)
    __stdout                                 0x200000f8   Data           4  usart4.o(.data)
    USART_RX_STA                             0x200000fc   Data           2  usart4.o(.data)
    Usart2_RxCompleted                       0x20000100   Data           1  usart2.o(.data)
    Usart2_RxCounter                         0x20000104   Data           4  usart2.o(.data)
    USART5_RX_STA                            0x20000108   Data           2  usart5.o(.data)
    SD_Type                                  0x2000010c   Data           1  mmc_sd.o(.data)
    SystemCoreClock                          0x20000110   Data           4  system_stm32f10x.o(.data)
    AHBPrescTable                            0x20000114   Data          16  system_stm32f10x.o(.data)
    mallco_dev                               0x20000138   Data          20  malloc.o(.data)
    FILE_TYPE_TBL                            0x2000014c   Data         312  exfuns.o(.data)
    fs                                       0x20000284   Data           8  exfuns.o(.data)
    file                                     0x2000028c   Data           4  exfuns.o(.data)
    ftemp                                    0x20000290   Data           4  exfuns.o(.data)
    br                                       0x20000294   Data           4  exfuns.o(.data)
    bw                                       0x20000298   Data           4  exfuns.o(.data)
    fatbuf                                   0x2000029c   Data           4  exfuns.o(.data)
    File_Name_en                             0x200002a0   Data           1  fattester.o(.data)
    add_base                                 0x200002a1   Data           1  fattester.o(.data)
    write_add                                0x200002a4   Data           4  fattester.o(.data)
    FLASH_SECTOR_COUNT                       0x200002a8   Data           2  diskio.o(.data)
    Sensor                                   0x200002b8   Data          40  main.o(.bss)
    Wifi_IP                                  0x200002e0   Data          20  main.o(.bss)
    Usart1_RxBuff                            0x200002f8   Data         256  usart1.o(.bss)
    Usart1_TxBuff                            0x200003f8   Data         256  usart1.o(.bss)
    buf                                      0x200004f8   Data          60  usart1.o(.bss)
    gRec_BUF                                 0x20000544   Data        2048  w5500_app.o(.bss)
    gSend_BUF                                0x20000d44   Data         100  w5500_app.o(.bss)
    Send_String                              0x20000da8   Data          25  w5500_app.o(.bss)
    Receive_String                           0x20000dc1   Data          25  w5500_app.o(.bss)
    USART_RX_BUF                             0x20000de0   Data         200  usart4.o(.bss)
    Usart4_TxBuff                            0x20000ea8   Data         256  usart4.o(.bss)
    Wifi_Data_buff                           0x20000fa8   Data        2048  wifi.o(.bss)
    Usart2_RxBuff                            0x200017a8   Data        1024  usart2.o(.bss)
    USART2_TxBuff                            0x20001ba8   Data        1024  usart2.o(.bss)
    USART5_RX_BUF                            0x20001fa8   Data         200  usart5.o(.bss)
    Usart5_TxBuff                            0x20002070   Data         256  usart5.o(.bss)
    calendar                                 0x20002170   Data          10  rtc.o(.bss)
    SPI_InitStructure                        0x2000217a   Data          18  spi2.o(.bss)
    membase                                  0x2000218c   Data       35840  malloc.o(.bss)
    memmapbase                               0x2000ad8c   Data        2240  malloc.o(.bss)
    fileinfo                                 0x2000b64c   Data          32  exfuns.o(.bss)
    dir                                      0x2000b66c   Data          36  exfuns.o(.bss)
    catalog                                  0x2000b690   Data          30  fattester.o(.bss)
    smoky_data                               0x2000b6ae   Data          75  fattester.o(.bss)
    __libspace_start                         0x2000b6fc   Data          96  libspace.o(.bss)
    __temporary_stack_top$libspace           0x2000b75c   Data           0  libspace.o(.bss)



==============================================================================

Memory Map of the image

  Image Entry point : 0x08000131

  Load Region LR_IROM1 (Base: 0x08000000, Size: 0x0003a728, Max: 0x00040000, ABSOLUTE, COMPRESSED[0x0003a534])

    Execution Region ER_IROM1 (Exec base: 0x08000000, Load base: 0x08000000, Size: 0x0003a470, Max: 0x00040000, ABSOLUTE)

    Exec Addr    Load Addr    Size         Type   Attr      Idx    E Section Name        Object

    0x08000000   0x08000000   0x00000130   Data   RO          719    RESET               startup_stm32f10x_hd.o
    0x08000130   0x08000130   0x00000008   Code   RO         1085  * !!!main             c_w.l(__main.o)
    0x08000138   0x08000138   0x00000034   Code   RO         1409    !!!scatter          c_w.l(__scatter.o)
    0x0800016c   0x0800016c   0x0000005a   Code   RO         1407    !!dczerorl2         c_w.l(__dczerorl2.o)
    0x080001c6   0x080001c6   0x00000002   PAD
    0x080001c8   0x080001c8   0x0000001c   Code   RO         1411    !!handler_zi        c_w.l(__scatter_zi.o)
    0x080001e4   0x080001e4   0x00000000   Code   RO         1056    .ARM.Collect$$_printf_percent$$00000000  c_w.l(_printf_percent.o)
    0x080001e4   0x080001e4   0x00000006   Code   RO         1164    .ARM.Collect$$_printf_percent$$00000001  c_w.l(_printf_n.o)
    0x080001ea   0x080001ea   0x00000006   Code   RO         1165    .ARM.Collect$$_printf_percent$$00000002  c_w.l(_printf_p.o)
    0x080001f0   0x080001f0   0x00000006   Code   RO         1055    .ARM.Collect$$_printf_percent$$00000003  c_w.l(_printf_f.o)
    0x080001f6   0x080001f6   0x00000006   Code   RO         1169    .ARM.Collect$$_printf_percent$$00000004  c_w.l(_printf_e.o)
    0x080001fc   0x080001fc   0x00000006   Code   RO         1170    .ARM.Collect$$_printf_percent$$00000005  c_w.l(_printf_g.o)
    0x08000202   0x08000202   0x00000006   Code   RO         1171    .ARM.Collect$$_printf_percent$$00000006  c_w.l(_printf_a.o)
    0x08000208   0x08000208   0x0000000a   Code   RO         1176    .ARM.Collect$$_printf_percent$$00000007  c_w.l(_printf_ll.o)
    0x08000212   0x08000212   0x00000006   Code   RO         1167    .ARM.Collect$$_printf_percent$$00000008  c_w.l(_printf_i.o)
    0x08000218   0x08000218   0x00000006   Code   RO         1054    .ARM.Collect$$_printf_percent$$00000009  c_w.l(_printf_d.o)
    0x0800021e   0x0800021e   0x00000006   Code   RO         1168    .ARM.Collect$$_printf_percent$$0000000A  c_w.l(_printf_u.o)
    0x08000224   0x08000224   0x00000006   Code   RO         1166    .ARM.Collect$$_printf_percent$$0000000B  c_w.l(_printf_o.o)
    0x0800022a   0x0800022a   0x00000006   Code   RO         1053    .ARM.Collect$$_printf_percent$$0000000C  c_w.l(_printf_x.o)
    0x08000230   0x08000230   0x00000006   Code   RO         1173    .ARM.Collect$$_printf_percent$$0000000D  c_w.l(_printf_lli.o)
    0x08000236   0x08000236   0x00000006   Code   RO         1174    .ARM.Collect$$_printf_percent$$0000000E  c_w.l(_printf_lld.o)
    0x0800023c   0x0800023c   0x00000006   Code   RO         1175    .ARM.Collect$$_printf_percent$$0000000F  c_w.l(_printf_llu.o)
    0x08000242   0x08000242   0x00000006   Code   RO         1180    .ARM.Collect$$_printf_percent$$00000010  c_w.l(_printf_llo.o)
    0x08000248   0x08000248   0x00000006   Code   RO         1181    .ARM.Collect$$_printf_percent$$00000011  c_w.l(_printf_llx.o)
    0x0800024e   0x0800024e   0x0000000a   Code   RO         1177    .ARM.Collect$$_printf_percent$$00000012  c_w.l(_printf_l.o)
    0x08000258   0x08000258   0x00000006   Code   RO         1163    .ARM.Collect$$_printf_percent$$00000013  c_w.l(_printf_c.o)
    0x0800025e   0x0800025e   0x00000006   Code   RO         1052    .ARM.Collect$$_printf_percent$$00000014  c_w.l(_printf_s.o)
    0x08000264   0x08000264   0x00000006   Code   RO         1178    .ARM.Collect$$_printf_percent$$00000015  c_w.l(_printf_lc.o)
    0x0800026a   0x0800026a   0x00000006   Code   RO         1179    .ARM.Collect$$_printf_percent$$00000016  c_w.l(_printf_ls.o)
    0x08000270   0x08000270   0x00000004   Code   RO         1172    .ARM.Collect$$_printf_percent$$00000017  c_w.l(_printf_percent_end.o)
    0x08000274   0x08000274   0x00000002   Code   RO         1281    .ARM.Collect$$libinit$$00000000  c_w.l(libinit.o)
    0x08000276   0x08000276   0x00000000   Code   RO         1283    .ARM.Collect$$libinit$$00000002  c_w.l(libinit2.o)
    0x08000276   0x08000276   0x00000000   Code   RO         1285    .ARM.Collect$$libinit$$00000004  c_w.l(libinit2.o)
    0x08000276   0x08000276   0x00000000   Code   RO         1288    .ARM.Collect$$libinit$$0000000A  c_w.l(libinit2.o)
    0x08000276   0x08000276   0x00000000   Code   RO         1290    .ARM.Collect$$libinit$$0000000C  c_w.l(libinit2.o)
    0x08000276   0x08000276   0x00000000   Code   RO         1292    .ARM.Collect$$libinit$$0000000E  c_w.l(libinit2.o)
    0x08000276   0x08000276   0x00000006   Code   RO         1293    .ARM.Collect$$libinit$$0000000F  c_w.l(libinit2.o)
    0x0800027c   0x0800027c   0x00000000   Code   RO         1295    .ARM.Collect$$libinit$$00000011  c_w.l(libinit2.o)
    0x0800027c   0x0800027c   0x0000000c   Code   RO         1296    .ARM.Collect$$libinit$$00000012  c_w.l(libinit2.o)
    0x08000288   0x08000288   0x00000000   Code   RO         1297    .ARM.Collect$$libinit$$00000013  c_w.l(libinit2.o)
    0x08000288   0x08000288   0x00000000   Code   RO         1299    .ARM.Collect$$libinit$$00000015  c_w.l(libinit2.o)
    0x08000288   0x08000288   0x0000000a   Code   RO         1300    .ARM.Collect$$libinit$$00000016  c_w.l(libinit2.o)
    0x08000292   0x08000292   0x00000000   Code   RO         1301    .ARM.Collect$$libinit$$00000017  c_w.l(libinit2.o)
    0x08000292   0x08000292   0x00000000   Code   RO         1303    .ARM.Collect$$libinit$$00000019  c_w.l(libinit2.o)
    0x08000292   0x08000292   0x00000000   Code   RO         1305    .ARM.Collect$$libinit$$0000001B  c_w.l(libinit2.o)
    0x08000292   0x08000292   0x00000000   Code   RO         1307    .ARM.Collect$$libinit$$0000001D  c_w.l(libinit2.o)
    0x08000292   0x08000292   0x00000000   Code   RO         1309    .ARM.Collect$$libinit$$0000001F  c_w.l(libinit2.o)
    0x08000292   0x08000292   0x00000000   Code   RO         1311    .ARM.Collect$$libinit$$00000021  c_w.l(libinit2.o)
    0x08000292   0x08000292   0x00000000   Code   RO         1313    .ARM.Collect$$libinit$$00000023  c_w.l(libinit2.o)
    0x08000292   0x08000292   0x00000000   Code   RO         1315    .ARM.Collect$$libinit$$00000025  c_w.l(libinit2.o)
    0x08000292   0x08000292   0x00000000   Code   RO         1319    .ARM.Collect$$libinit$$0000002C  c_w.l(libinit2.o)
    0x08000292   0x08000292   0x00000000   Code   RO         1321    .ARM.Collect$$libinit$$0000002E  c_w.l(libinit2.o)
    0x08000292   0x08000292   0x00000000   Code   RO         1323    .ARM.Collect$$libinit$$00000030  c_w.l(libinit2.o)
    0x08000292   0x08000292   0x00000000   Code   RO         1325    .ARM.Collect$$libinit$$00000032  c_w.l(libinit2.o)
    0x08000292   0x08000292   0x00000002   Code   RO         1326    .ARM.Collect$$libinit$$00000033  c_w.l(libinit2.o)
    0x08000294   0x08000294   0x00000002   Code   RO         1357    .ARM.Collect$$libshutdown$$00000000  c_w.l(libshutdown.o)
    0x08000296   0x08000296   0x00000000   Code   RO         1366    .ARM.Collect$$libshutdown$$00000002  c_w.l(libshutdown2.o)
    0x08000296   0x08000296   0x00000000   Code   RO         1368    .ARM.Collect$$libshutdown$$00000004  c_w.l(libshutdown2.o)
    0x08000296   0x08000296   0x00000000   Code   RO         1371    .ARM.Collect$$libshutdown$$00000007  c_w.l(libshutdown2.o)
    0x08000296   0x08000296   0x00000000   Code   RO         1374    .ARM.Collect$$libshutdown$$0000000A  c_w.l(libshutdown2.o)
    0x08000296   0x08000296   0x00000000   Code   RO         1376    .ARM.Collect$$libshutdown$$0000000C  c_w.l(libshutdown2.o)
    0x08000296   0x08000296   0x00000000   Code   RO         1379    .ARM.Collect$$libshutdown$$0000000F  c_w.l(libshutdown2.o)
    0x08000296   0x08000296   0x00000002   Code   RO         1380    .ARM.Collect$$libshutdown$$00000010  c_w.l(libshutdown2.o)
    0x08000298   0x08000298   0x00000000   Code   RO         1135    .ARM.Collect$$rtentry$$00000000  c_w.l(__rtentry.o)
    0x08000298   0x08000298   0x00000000   Code   RO         1198    .ARM.Collect$$rtentry$$00000002  c_w.l(__rtentry2.o)
    0x08000298   0x08000298   0x00000006   Code   RO         1210    .ARM.Collect$$rtentry$$00000004  c_w.l(__rtentry4.o)
    0x0800029e   0x0800029e   0x00000000   Code   RO         1200    .ARM.Collect$$rtentry$$00000009  c_w.l(__rtentry2.o)
    0x0800029e   0x0800029e   0x00000004   Code   RO         1201    .ARM.Collect$$rtentry$$0000000A  c_w.l(__rtentry2.o)
    0x080002a2   0x080002a2   0x00000000   Code   RO         1203    .ARM.Collect$$rtentry$$0000000C  c_w.l(__rtentry2.o)
    0x080002a2   0x080002a2   0x00000008   Code   RO         1204    .ARM.Collect$$rtentry$$0000000D  c_w.l(__rtentry2.o)
    0x080002aa   0x080002aa   0x00000002   Code   RO         1327    .ARM.Collect$$rtexit$$00000000  c_w.l(rtexit.o)
    0x080002ac   0x080002ac   0x00000000   Code   RO         1337    .ARM.Collect$$rtexit$$00000002  c_w.l(rtexit2.o)
    0x080002ac   0x080002ac   0x00000004   Code   RO         1338    .ARM.Collect$$rtexit$$00000003  c_w.l(rtexit2.o)
    0x080002b0   0x080002b0   0x00000006   Code   RO         1339    .ARM.Collect$$rtexit$$00000004  c_w.l(rtexit2.o)
    0x080002b6   0x080002b6   0x00000002   PAD
    0x080002b8   0x080002b8   0x000004a4   Code   RO            1    .text               main.o
    0x0800075c   0x0800075c   0x00000144   Code   RO          203    .text               delay.o
    0x080008a0   0x080008a0   0x00000674   Code   RO          218    .text               usart1.o
    0x08000f14   0x08000f14   0x00000088   Code   RO          249    .text               stm32f10x_it.o
    0x08000f9c   0x08000f9c   0x0000008c   Code   RO          271    .text               led.o
    0x08001028   0x08001028   0x00000110   Code   RO          298    .text               24c02.o
    0x08001138   0x08001138   0x00000390   Code   RO          310    .text               w5500.o
    0x080014c8   0x080014c8   0x00000690   Code   RO          329    .text               wizchip_conf.o
    0x08001b58   0x08001b58   0x00000ef8   Code   RO          350    .text               socket.o
    0x08002a50   0x08002a50   0x00000ff8   Code   RO          368    .text               dhcp.o
    0x08003a48   0x08003a48   0x0000013c   Code   RO          386    .text               spi.o
    0x08003b84   0x08003b84   0x00000b78   Code   RO          426    .text               w5500_app.o
    0x080046fc   0x080046fc   0x0000029c   Code   RO          454    .text               eeprom_iic.o
    0x08004998   0x08004998   0x00000228   Code   RO          466    .text               i2c.o
    0x08004bc0   0x08004bc0   0x00000590   Code   RO          478    .text               sht2x.o
    0x08005150   0x08005150   0x00000af4   Code   RO          509    .text               usart4.o
    0x08005c44   0x08005c44   0x0000002c   Code   RO          601    .text               wdg.o
    0x08005c70   0x08005c70   0x000001f4   Code   RO          613    .text               usart5.o
    0x08005e64   0x08005e64   0x0000037c   Code   RO          632    .text               rtc.o
    0x080061e0   0x080061e0   0x00000528   Code   RO          652    .text               mmc_sd.o
    0x08006708   0x08006708   0x000000ec   Code   RO          673    .text               spi2.o
    0x080067f4   0x080067f4   0x00000280   Code   RO          699    .text               system_stm32f10x.o
    0x08006a74   0x08006a74   0x00000040   Code   RO          720    .text               startup_stm32f10x_hd.o
    0x08006ab4   0x08006ab4   0x000000dc   Code   RO          724    .text               misc.o
    0x08006b90   0x08006b90   0x00000500   Code   RO          736    .text               stm32f10x_rcc.o
    0x08007090   0x08007090   0x00000e1a   Code   RO          750    .text               stm32f10x_tim.o
    0x08007eaa   0x08007eaa   0x00000002   PAD
    0x08007eac   0x08007eac   0x00000408   Code   RO          762    .text               stm32f10x_usart.o
    0x080082b4   0x080082b4   0x0000035c   Code   RO          774    .text               stm32f10x_gpio.o
    0x08008610   0x08008610   0x00000354   Code   RO          798    .text               stm32f10x_spi.o
    0x08008964   0x08008964   0x00000040   Code   RO          810    .text               stm32f10x_iwdg.o
    0x080089a4   0x080089a4   0x00000148   Code   RO          822    .text               stm32f10x_rtc.o
    0x08008aec   0x08008aec   0x000000c4   Code   RO          834    .text               stm32f10x_bkp.o
    0x08008bb0   0x08008bb0   0x000000cc   Code   RO          846    .text               stm32f10x_pwr.o
    0x08008c7c   0x08008c7c   0x000001a0   Code   RO          858    .text               malloc.o
    0x08008e1c   0x08008e1c   0x00000198   Code   RO          878    .text               exfuns.o
    0x08008fb4   0x08008fb4   0x0000087c   Code   RO          901    .text               fattester.o
    0x08009830   0x08009830   0x00000184   Code   RO          929    .text               diskio.o
    0x080099b4   0x080099b4   0x00003296   Code   RO          951    .text               ff.o
    0x0800cc4a   0x0800cc4a   0x00000002   PAD
    0x0800cc4c   0x0800cc4c   0x000000b4   Code   RO          966    .text               cc936.o
    0x0800cd00   0x0800cd00   0x00000002   Code   RO          991    .text               c_w.l(use_no_semi_2.o)
    0x0800cd02   0x0800cd02   0x00000002   PAD
    0x0800cd04   0x0800cd04   0x00000024   Code   RO          993    .text               c_w.l(c89vsprintf.o)
    0x0800cd28   0x0800cd28   0x00000018   Code   RO          995    .text               c_w.l(__2printf.o)
    0x0800cd40   0x0800cd40   0x0000002c   Code   RO          997    .text               c_w.l(__2sprintf.o)
    0x0800cd6c   0x0800cd6c   0x0000004e   Code   RO         1005    .text               c_w.l(_printf_pad.o)
    0x0800cdba   0x0800cdba   0x00000052   Code   RO         1007    .text               c_w.l(_printf_str.o)
    0x0800ce0c   0x0800ce0c   0x00000078   Code   RO         1009    .text               c_w.l(_printf_dec.o)
    0x0800ce84   0x0800ce84   0x00000094   Code   RO         1029    .text               c_w.l(_printf_hex_int_ll_ptr.o)
    0x0800cf18   0x0800cf18   0x00000188   Code   RO         1049    .text               c_w.l(__printf_flags_ss_wp.o)
    0x0800d0a0   0x0800d0a0   0x00000024   Code   RO         1063    .text               c_w.l(strstr.o)
    0x0800d0c4   0x0800d0c4   0x00000048   Code   RO         1065    .text               c_w.l(strcpy.o)
    0x0800d10c   0x0800d10c   0x0000003e   Code   RO         1067    .text               c_w.l(strlen.o)
    0x0800d14a   0x0800d14a   0x0000008a   Code   RO         1071    .text               c_w.l(rt_memcpy_v6.o)
    0x0800d1d4   0x0800d1d4   0x00000064   Code   RO         1073    .text               c_w.l(rt_memcpy_w.o)
    0x0800d238   0x0800d238   0x00000044   Code   RO         1075    .text               c_w.l(rt_memclr.o)
    0x0800d27c   0x0800d27c   0x0000004e   Code   RO         1077    .text               c_w.l(rt_memclr_w.o)
    0x0800d2ca   0x0800d2ca   0x00000002   PAD
    0x0800d2cc   0x0800d2cc   0x00000080   Code   RO         1081    .text               c_w.l(strcmpv7m.o)
    0x0800d34c   0x0800d34c   0x00000006   Code   RO         1083    .text               c_w.l(heapauxi.o)
    0x0800d352   0x0800d352   0x00000002   Code   RO         1133    .text               c_w.l(use_no_semi.o)
    0x0800d354   0x0800d354   0x00000024   Code   RO         1136    .text               c_w.l(_printf_truncate.o)
    0x0800d378   0x0800d378   0x000000b2   Code   RO         1138    .text               c_w.l(_printf_intcommon.o)
    0x0800d42a   0x0800d42a   0x00000028   Code   RO         1140    .text               c_w.l(_printf_charcount.o)
    0x0800d452   0x0800d452   0x0000041e   Code   RO         1142    .text               c_w.l(_printf_fp_dec.o)
    0x0800d870   0x0800d870   0x00000030   Code   RO         1144    .text               c_w.l(_printf_char_common.o)
    0x0800d8a0   0x0800d8a0   0x0000000a   Code   RO         1146    .text               c_w.l(_sputc.o)
    0x0800d8aa   0x0800d8aa   0x0000002c   Code   RO         1148    .text               c_w.l(_printf_char.o)
    0x0800d8d6   0x0800d8d6   0x00000002   PAD
    0x0800d8d8   0x0800d8d8   0x00000024   Code   RO         1150    .text               c_w.l(_printf_char_file.o)
    0x0800d8fc   0x0800d8fc   0x000000bc   Code   RO         1152    .text               c_w.l(_printf_wctomb.o)
    0x0800d9b8   0x0800d9b8   0x0000007c   Code   RO         1155    .text               c_w.l(_printf_longlong_dec.o)
    0x0800da34   0x0800da34   0x00000070   Code   RO         1161    .text               c_w.l(_printf_oct_int_ll.o)
    0x0800daa4   0x0800daa4   0x00000008   Code   RO         1215    .text               c_w.l(rt_locale_intlibspace.o)
    0x0800daac   0x0800daac   0x0000008a   Code   RO         1217    .text               c_w.l(lludiv10.o)
    0x0800db36   0x0800db36   0x00000002   PAD
    0x0800db38   0x0800db38   0x00000080   Code   RO         1221    .text               c_w.l(_printf_fp_infnan.o)
    0x0800dbb8   0x0800dbb8   0x0000002c   Code   RO         1225    .text               c_w.l(_printf_wchar.o)
    0x0800dbe4   0x0800dbe4   0x000000e4   Code   RO         1229    .text               c_w.l(bigflt0.o)
    0x0800dcc8   0x0800dcc8   0x00000008   Code   RO         1254    .text               c_w.l(ferror.o)
    0x0800dcd0   0x0800dcd0   0x00000040   Code   RO         1258    .text               c_w.l(_wcrtomb.o)
    0x0800dd10   0x0800dd10   0x00000008   Code   RO         1267    .text               c_w.l(libspace.o)
    0x0800dd18   0x0800dd18   0x0000004a   Code   RO         1270    .text               c_w.l(sys_stackheap_outer.o)
    0x0800dd62   0x0800dd62   0x00000002   PAD
    0x0800dd64   0x0800dd64   0x00000010   Code   RO         1272    .text               c_w.l(rt_ctype_table.o)
    0x0800dd74   0x0800dd74   0x00000012   Code   RO         1274    .text               c_w.l(exit.o)
    0x0800dd86   0x0800dd86   0x0000003e   Code   RO         1232    CL$$btod_d2e        c_w.l(btod.o)
    0x0800ddc4   0x0800ddc4   0x00000046   Code   RO         1234    CL$$btod_d2e_denorm_low  c_w.l(btod.o)
    0x0800de0a   0x0800de0a   0x00000060   Code   RO         1233    CL$$btod_d2e_norm_op1  c_w.l(btod.o)
    0x0800de6a   0x0800de6a   0x00000338   Code   RO         1242    CL$$btod_div_common  c_w.l(btod.o)
    0x0800e1a2   0x0800e1a2   0x000000dc   Code   RO         1239    CL$$btod_e2e        c_w.l(btod.o)
    0x0800e27e   0x0800e27e   0x0000002a   Code   RO         1236    CL$$btod_ediv       c_w.l(btod.o)
    0x0800e2a8   0x0800e2a8   0x0000002a   Code   RO         1235    CL$$btod_emul       c_w.l(btod.o)
    0x0800e2d2   0x0800e2d2   0x00000244   Code   RO         1241    CL$$btod_mult_common  c_w.l(btod.o)
    0x0800e516   0x0800e516   0x00000028   Code   RO         1265    i.__ARM_fpclassify  m_ws.l(fpclassify.o)
    0x0800e53e   0x0800e53e   0x0000000e   Code   RO         1042    i._is_digit         c_w.l(__printf_wp.o)
    0x0800e54c   0x0800e54c   0x0000002c   Code   RO         1261    locale$$code        c_w.l(lc_numeric_c.o)
    0x0800e578   0x0800e578   0x0000002c   Code   RO         1330    locale$$code        c_w.l(lc_ctype_c.o)
    0x0800e5a4   0x0800e5a4   0x00000062   Code   RO         1087    x$fpl$d2f           fz_ws.l(d2f.o)
    0x0800e606   0x0800e606   0x00000002   PAD
    0x0800e608   0x0800e608   0x00000150   Code   RO         1089    x$fpl$dadd          fz_ws.l(daddsub_clz.o)
    0x0800e758   0x0800e758   0x00000154   Code   RO         1095    x$fpl$dmul          fz_ws.l(dmul.o)
    0x0800e8ac   0x0800e8ac   0x0000009c   Code   RO         1186    x$fpl$dnaninf       fz_ws.l(dnaninf.o)
    0x0800e948   0x0800e948   0x0000000c   Code   RO         1188    x$fpl$dretinf       fz_ws.l(dretinf.o)
    0x0800e954   0x0800e954   0x000001d4   Code   RO         1091    x$fpl$dsub          fz_ws.l(daddsub_clz.o)
    0x0800eb28   0x0800eb28   0x00000056   Code   RO         1097    x$fpl$f2d           fz_ws.l(f2d.o)
    0x0800eb7e   0x0800eb7e   0x00000002   PAD
    0x0800eb80   0x0800eb80   0x000000c4   Code   RO         1099    x$fpl$fadd          fz_ws.l(faddsub_clz.o)
    0x0800ec44   0x0800ec44   0x00000018   Code   RO         1190    x$fpl$fcmpinf       fz_ws.l(fcmpi.o)
    0x0800ec5c   0x0800ec5c   0x00000184   Code   RO         1106    x$fpl$fdiv          fz_ws.l(fdiv.o)
    0x0800ede0   0x0800ede0   0x00000068   Code   RO         1109    x$fpl$feqf          fz_ws.l(feqf.o)
    0x0800ee48   0x0800ee48   0x00000036   Code   RO         1111    x$fpl$ffix          fz_ws.l(ffix.o)
    0x0800ee7e   0x0800ee7e   0x00000002   PAD
    0x0800ee80   0x0800ee80   0x0000003e   Code   RO         1115    x$fpl$ffixu         fz_ws.l(ffixu.o)
    0x0800eebe   0x0800eebe   0x00000002   PAD
    0x0800eec0   0x0800eec0   0x00000030   Code   RO         1120    x$fpl$fflt          fz_ws.l(fflt_clz.o)
    0x0800eef0   0x0800eef0   0x00000026   Code   RO         1119    x$fpl$ffltu         fz_ws.l(fflt_clz.o)
    0x0800ef16   0x0800ef16   0x00000002   PAD
    0x0800ef18   0x0800ef18   0x00000068   Code   RO         1125    x$fpl$fleqf         fz_ws.l(fleqf.o)
    0x0800ef80   0x0800ef80   0x00000102   Code   RO         1127    x$fpl$fmul          fz_ws.l(fmul.o)
    0x0800f082   0x0800f082   0x0000008c   Code   RO         1192    x$fpl$fnaninf       fz_ws.l(fnaninf.o)
    0x0800f10e   0x0800f10e   0x0000000a   Code   RO         1194    x$fpl$fretinf       fz_ws.l(fretinf.o)
    0x0800f118   0x0800f118   0x00000062   Code   RO         1129    x$fpl$frleqf        fz_ws.l(frleqf.o)
    0x0800f17a   0x0800f17a   0x00000002   PAD
    0x0800f17c   0x0800f17c   0x000000ea   Code   RO         1101    x$fpl$fsub          fz_ws.l(faddsub_clz.o)
    0x0800f266   0x0800f266   0x00000004   Code   RO         1131    x$fpl$printf1       fz_ws.l(printf1.o)
    0x0800f26a   0x0800f26a   0x00000000   Code   RO         1196    x$fpl$usenofp       fz_ws.l(usenofp.o)
    0x0800f26a   0x0800f26a   0x00000002   PAD
    0x0800f26c   0x0800f26c   0x00000200   Data   RO          220    .constdata          usart1.o
    0x0800f46c   0x0800f46c   0x00000010   Data   RO          428    .constdata          w5500_app.o
    0x0800f47c   0x0800f47c   0x00000018   Data   RO          634    .constdata          rtc.o
    0x0800f494   0x0800f494   0x0000003a   Data   RO          952    .constdata          ff.o
    0x0800f4ce   0x0800f4ce   0x0002acc8   Data   RO          967    .constdata          cc936.o
    0x0803a196   0x0803a196   0x00000028   Data   RO         1030    .constdata          c_w.l(_printf_hex_int_ll_ptr.o)
    0x0803a1be   0x0803a1be   0x00000011   Data   RO         1050    .constdata          c_w.l(__printf_flags_ss_wp.o)
    0x0803a1cf   0x0803a1cf   0x00000001   PAD
    0x0803a1d0   0x0803a1d0   0x00000008   Data   RO         1153    .constdata          c_w.l(_printf_wctomb.o)
    0x0803a1d8   0x0803a1d8   0x00000094   Data   RO         1230    .constdata          c_w.l(bigflt0.o)
    0x0803a26c   0x0803a26c   0x00000064   Data   RO          880    .conststring        exfuns.o
    0x0803a2d0   0x0803a2d0   0x00000054   Data   RO          903    .conststring        fattester.o
    0x0803a324   0x0803a324   0x00000020   Data   RO         1405    Region$$Table       anon$$obj.o
    0x0803a344   0x0803a344   0x0000001c   Data   RO         1260    locale$$data        c_w.l(lc_numeric_c.o)
    0x0803a360   0x0803a360   0x00000110   Data   RO         1329    locale$$data        c_w.l(lc_ctype_c.o)


    Execution Region RW_IRAM1 (Exec base: 0x20000000, Load base: 0x0803a470, Size: 0x0000bd60, Max: 0x00010000, ABSOLUTE, COMPRESSED[0x000000c4])

    Exec Addr    Load Addr    Size         Type   Attr      Idx    E Section Name        Object

    0x20000000   COMPRESSED   0x00000002   Data   RW            3    .data               main.o
    0x20000002   COMPRESSED   0x00000002   PAD
    0x20000004   COMPRESSED   0x0000000e   Data   RW          221    .data               usart1.o
    0x20000012   COMPRESSED   0x00000002   PAD
    0x20000014   COMPRESSED   0x00000004   Data   RW          250    .data               stm32f10x_it.o
    0x20000018   COMPRESSED   0x00000025   Data   RW          330    .data               wizchip_conf.o
    0x2000003d   COMPRESSED   0x00000001   PAD
    0x2000003e   COMPRESSED   0x0000000e   Data   RW          352    .data               socket.o
    0x2000004c   COMPRESSED   0x0000004c   Data   RW          369    .data               dhcp.o
    0x20000098   COMPRESSED   0x00000040   Data   RW          429    .data               w5500_app.o
    0x200000d8   COMPRESSED   0x00000020   Data   RW          479    .data               sht2x.o
    0x200000f8   COMPRESSED   0x00000006   Data   RW          511    .data               usart4.o
    0x200000fe   COMPRESSED   0x00000002   PAD
    0x20000100   COMPRESSED   0x00000008   Data   RW          558    .data               usart2.o
    0x20000108   COMPRESSED   0x00000002   Data   RW          615    .data               usart5.o
    0x2000010a   COMPRESSED   0x00000002   Data   RW          635    .data               rtc.o
    0x2000010c   COMPRESSED   0x00000001   Data   RW          653    .data               mmc_sd.o
    0x2000010d   COMPRESSED   0x00000003   PAD
    0x20000110   COMPRESSED   0x00000014   Data   RW          700    .data               system_stm32f10x.o
    0x20000124   COMPRESSED   0x00000014   Data   RW          737    .data               stm32f10x_rcc.o
    0x20000138   COMPRESSED   0x00000014   Data   RW          861    .data               malloc.o
    0x2000014c   COMPRESSED   0x00000154   Data   RW          881    .data               exfuns.o
    0x200002a0   COMPRESSED   0x00000008   Data   RW          904    .data               fattester.o
    0x200002a8   COMPRESSED   0x00000002   Data   RW          930    .data               diskio.o
    0x200002aa   COMPRESSED   0x00000002   PAD
    0x200002ac   COMPRESSED   0x0000000a   Data   RW          953    .data               ff.o
    0x200002b6   COMPRESSED   0x00000002   PAD
    0x200002b8        -       0x0000003c   Zero   RW            2    .bss                main.o
    0x200002f4   COMPRESSED   0x00000004   PAD
    0x200002f8        -       0x0000023c   Zero   RW          219    .bss                usart1.o
    0x20000534        -       0x00000010   Zero   RW          351    .bss                socket.o
    0x20000544        -       0x00000896   Zero   RW          427    .bss                w5500_app.o
    0x20000dda   COMPRESSED   0x00000006   PAD
    0x20000de0        -       0x000001c8   Zero   RW          510    .bss                usart4.o
    0x20000fa8        -       0x00000800   Zero   RW          533    .bss                wifi.o
    0x200017a8        -       0x00000800   Zero   RW          557    .bss                usart2.o
    0x20001fa8        -       0x000001c8   Zero   RW          614    .bss                usart5.o
    0x20002170        -       0x0000000a   Zero   RW          633    .bss                rtc.o
    0x2000217a        -       0x00000012   Zero   RW          674    .bss                spi2.o
    0x2000218c        -       0x000094c0   Zero   RW          859    .bss                malloc.o
    0x2000b64c        -       0x00000044   Zero   RW          879    .bss                exfuns.o
    0x2000b690        -       0x00000069   Zero   RW          902    .bss                fattester.o
    0x2000b6f9   COMPRESSED   0x00000003   PAD
    0x2000b6fc        -       0x00000060   Zero   RW         1268    .bss                c_w.l(libspace.o)
    0x2000b75c   COMPRESSED   0x00000004   PAD
    0x2000b760        -       0x00000200   Zero   RW          718    HEAP                startup_stm32f10x_hd.o
    0x2000b960        -       0x00000400   Zero   RW          717    STACK               startup_stm32f10x_hd.o


==============================================================================

Image component sizes


      Code (inc. data)   RO Data    RW Data    ZI Data      Debug   Object Name

       272          0          0          0          0       1558   24c02.o
       180         18     175304          0          0       2353   cc936.o
         0          0          0          0          0         32   core_cm3.o
       324          4          0          0          0       1063   delay.o
      4088        218          0         76          0       9525   dhcp.o
       388          8          0          2          0       4346   diskio.o
       668          4          0          0          0       1706   eeprom_iic.o
       408         20        100        340         68       5328   exfuns.o
      2172        790         84          8        105       6994   fattester.o
     12950        138         58         10          0      35138   ff.o
       552          4          0          0          0       2032   i2c.o
       140          8          0          0          0        716   led.o
      1188        342          0          2         60     285851   main.o
       416          6          0         20      38080       4121   malloc.o
       220         22          0          0          0       1865   misc.o
      1320         16          0          1          0       5878   mmc_sd.o
       892         28         24          2         10       3816   rtc.o
      1424         52          0         32          0       5348   sht2x.o
      3832         88          0         14         16       8891   socket.o
       316          8          0          0          0      16922   spi.o
       236         14          0          0         18       1365   spi2.o
        64         26        304          0       1536        836   startup_stm32f10x_hd.o
       196          8          0          0          0       3516   stm32f10x_bkp.o
       860         38          0          0          0       5749   stm32f10x_gpio.o
       136         20          0          4          0       1918   stm32f10x_it.o
        64          6          0          0          0       1293   stm32f10x_iwdg.o
       204         14          0          0          0       1963   stm32f10x_pwr.o
      1280         60          0         20          0      11362   stm32f10x_rcc.o
       328          4          0          0          0       2738   stm32f10x_rtc.o
       852         20          0          0          0       6686   stm32f10x_spi.o
      3610         88          0          0          0      22860   stm32f10x_tim.o
      1032         22          0          0          0       8472   stm32f10x_usart.o
       640         44          0         20          0       2055   system_stm32f10x.o
      1652         68        512         14        572       4699   usart1.o
         0          0          0          8       2048        894   usart2.o
      2804        406          0          6        456       4974   usart4.o
       500         36          0          2        456       2483   usart5.o
       912          6          0          0          0       6200   w5500.o
      2936       1014         16         64       2198      18879   w5500_app.o
        44          0          0          0          0        698   wdg.o
         0          0          0          0       2048        973   wifi.o
      1680         42          0         37          0      11278   wizchip_conf.o

    ----------------------------------------------------------------------
     51784       3710     176434        696      47684     525374   Object Totals
         0          0         32          0          0          0   (incl. Generated)
         4          0          0         14         13          0   (incl. Padding)

    ----------------------------------------------------------------------

      Code (inc. data)   RO Data    RW Data    ZI Data      Debug   Library Member Name

        24          4          0          0          0         84   __2printf.o
        44          6          0          0          0         84   __2sprintf.o
        90          0          0          0          0          0   __dczerorl2.o
         8          0          0          0          0         68   __main.o
       392          4         17          0          0         92   __printf_flags_ss_wp.o
        14          0          0          0          0         68   __printf_wp.o
         0          0          0          0          0          0   __rtentry.o
        12          0          0          0          0          0   __rtentry2.o
         6          0          0          0          0          0   __rtentry4.o
        52          8          0          0          0          0   __scatter.o
        28          0          0          0          0          0   __scatter_zi.o
         6          0          0          0          0          0   _printf_a.o
         6          0          0          0          0          0   _printf_c.o
        44          0          0          0          0        108   _printf_char.o
        48          6          0          0          0         96   _printf_char_common.o
        36          4          0          0          0         80   _printf_char_file.o
        40          0          0          0          0         68   _printf_charcount.o
         6          0          0          0          0          0   _printf_d.o
       120         16          0          0          0         92   _printf_dec.o
         6          0          0          0          0          0   _printf_e.o
         6          0          0          0          0          0   _printf_f.o
      1054          0          0          0          0        216   _printf_fp_dec.o
       128         16          0          0          0         84   _printf_fp_infnan.o
         6          0          0          0          0          0   _printf_g.o
       148          4         40          0          0        160   _printf_hex_int_ll_ptr.o
         6          0          0          0          0          0   _printf_i.o
       178          0          0          0          0         88   _printf_intcommon.o
        10          0          0          0          0          0   _printf_l.o
         6          0          0          0          0          0   _printf_lc.o
        10          0          0          0          0          0   _printf_ll.o
         6          0          0          0          0          0   _printf_lld.o
         6          0          0          0          0          0   _printf_lli.o
         6          0          0          0          0          0   _printf_llo.o
         6          0          0          0          0          0   _printf_llu.o
         6          0          0          0          0          0   _printf_llx.o
       124         16          0          0          0         92   _printf_longlong_dec.o
         6          0          0          0          0          0   _printf_ls.o
         6          0          0          0          0          0   _printf_n.o
         6          0          0          0          0          0   _printf_o.o
       112         10          0          0          0        124   _printf_oct_int_ll.o
         6          0          0          0          0          0   _printf_p.o
        78          0          0          0          0        108   _printf_pad.o
         0          0          0          0          0          0   _printf_percent.o
         4          0          0          0          0          0   _printf_percent_end.o
         6          0          0          0          0          0   _printf_s.o
        82          0          0          0          0         80   _printf_str.o
        36          0          0          0          0         84   _printf_truncate.o
         6          0          0          0          0          0   _printf_u.o
        44          0          0          0          0        108   _printf_wchar.o
       188          6          8          0          0         92   _printf_wctomb.o
         6          0          0          0          0          0   _printf_x.o
        10          0          0          0          0         68   _sputc.o
        64          0          0          0          0         92   _wcrtomb.o
       228          4        148          0          0         96   bigflt0.o
      1936        128          0          0          0        672   btod.o
        36          4          0          0          0         76   c89vsprintf.o
        18          0          0          0          0         80   exit.o
         8          0          0          0          0         68   ferror.o
         6          0          0          0          0        152   heapauxi.o
        44         10        272          0          0         76   lc_ctype_c.o
        44         10         28          0          0         76   lc_numeric_c.o
         2          0          0          0          0          0   libinit.o
        30          0          0          0          0          0   libinit2.o
         2          0          0          0          0          0   libshutdown.o
         2          0          0          0          0          0   libshutdown2.o
         8          4          0          0         96         68   libspace.o
       138          0          0          0          0         80   lludiv10.o
        16          4          0          0          0         76   rt_ctype_table.o
         8          4          0          0          0         68   rt_locale_intlibspace.o
        68          0          0          0          0         68   rt_memclr.o
        78          0          0          0          0         80   rt_memclr_w.o
       138          0          0          0          0         68   rt_memcpy_v6.o
       100          0          0          0          0         80   rt_memcpy_w.o
         2          0          0          0          0          0   rtexit.o
        10          0          0          0          0          0   rtexit2.o
       128          0          0          0          0         68   strcmpv7m.o
        72          0          0          0          0         80   strcpy.o
        62          0          0          0          0         76   strlen.o
        36          0          0          0          0         80   strstr.o
        74          0          0          0          0         80   sys_stackheap_outer.o
         2          0          0          0          0         68   use_no_semi.o
         2          0          0          0          0         68   use_no_semi_2.o
        98          4          0          0          0         92   d2f.o
       804         16          0          0          0        272   daddsub_clz.o
       340         12          0          0          0        104   dmul.o
       156          4          0          0          0         92   dnaninf.o
        12          0          0          0          0         68   dretinf.o
        86          4          0          0          0         84   f2d.o
       430          8          0          0          0        168   faddsub_clz.o
        24          0          0          0          0         68   fcmpi.o
       388         76          0          0          0         96   fdiv.o
       104          4          0          0          0         84   feqf.o
        54          4          0          0          0         84   ffix.o
        62          4          0          0          0         84   ffixu.o
        86          0          0          0          0        136   fflt_clz.o
       104          4          0          0          0         84   fleqf.o
       258          4          0          0          0         84   fmul.o
       140          4          0          0          0         84   fnaninf.o
        10          0          0          0          0         68   fretinf.o
        98          0          0          0          0         68   frleqf.o
         4          0          0          0          0         68   printf1.o
         0          0          0          0          0          0   usenofp.o
        40          0          0          0          0         68   fpclassify.o

    ----------------------------------------------------------------------
      9972        416        514          0        100       6596   Library Totals
        28          0          1          0          4          0   (incl. Padding)

    ----------------------------------------------------------------------

      Code (inc. data)   RO Data    RW Data    ZI Data      Debug   Library Name

      6646        268        513          0         96       4640   c_w.l
      3258        148          0          0          0       1888   fz_ws.l
        40          0          0          0          0         68   m_ws.l

    ----------------------------------------------------------------------
      9972        416        514          0        100       6596   Library Totals

    ----------------------------------------------------------------------

==============================================================================


      Code (inc. data)   RO Data    RW Data    ZI Data      Debug   

     61756       4126     176948        696      47784     524426   Grand Totals
     61756       4126     176948        196      47784     524426   ELF Image Totals (compressed)
     61756       4126     176948        196          0          0   ROM Totals

==============================================================================

    Total RO  Size (Code + RO Data)               238704 ( 233.11kB)
    Total RW  Size (RW Data + ZI Data)             48480 (  47.34kB)
    Total ROM Size (Code + RO Data + RW Data)     238900 ( 233.30kB)

==============================================================================

