<html>
<body>
<pre>
<h1>礦ision Build Log</h1>
<h2>Tool Versions:</h2>
IDE-Version: μVision V5.25.2.0
Copyright (C) 2018 ARM Ltd and ARM Germany GmbH. All rights reserved.
License Information: f USER, f, LIC=IC9UH-WWW0H-WIM5K-Z4C4S-3CTLW-UEJ2X
 
Tool Versions:
Toolchain:       MDK-ARM Professional  Version: 5.25.2.0
Toolchain Path:  D:\Program Files (x86)\Keil_v5\ARM\ARMCC\Bin
C Compiler:      Armcc.exe V5.06 update 6 (build 750)
Assembler:       Armasm.exe V5.06 update 6 (build 750)
Linker/Locator:  ArmLink.exe V5.06 update 6 (build 750)
Library Manager: ArmAr.exe V5.06 update 6 (build 750)
Hex Converter:   FromElf.exe V5.06 update 6 (build 750)
CPU DLL:         SARMCM3.DLL V5.25.2.0
Dialog DLL:      DCM.DLL V1.17.1.0
Target DLL:      STLink\ST-LINKIII-KEIL_SWO.dll V3.0.1.0
Dialog DLL:      TCM.DLL V1.35.1.0
 
<h2>Project:</h2>
E:\OneDrive\10.Other\Personal_Project\Intelligent_Fire_Smoke_Sense\NB_IOT_TCP_PM1006_Code\USER\工程文件.uvprojx
Project File Date:  01/18/2024

<h2>Output:</h2>
*** Using Compiler 'V5.06 update 6 (build 750)', folder: 'D:\Program Files (x86)\Keil_v5\ARM\ARMCC\Bin'
Rebuild target '工程'
compiling delay.c...
compiling main.c...
compiling stm32f10x_it.c...
compiling led.c...
compiling usart1.c...
compiling key.c...
compiling wizchip_conf.c...
compiling w5500.c...
compiling socket.c...
compiling 24c02.c...
compiling spi.c...
compiling dns.c...
compiling dhcp.c...
compiling W5500_APP.c...
compiling eeprom_iic.c...
compiling SHT2X.c...
compiling i2c.c...
compiling timer3.c...
compiling usart4.c...
compiling wifi.c...
compiling usart2.c...
compiling BC28.c...
compiling timer4.c...
compiling wdg.c...
compiling usart5.c...
compiling rtc.c...
compiling MMC_SD.C...
compiling core_cm3.c...
compiling spi2.c...
compiling system_stm32f10x.c...
compiling misc.c...
assembling startup_stm32f10x_hd.s...
compiling stm32f10x_rcc.c...
compiling stm32f10x_usart.c...
compiling stm32f10x_tim.c...
compiling stm32f10x_gpio.c...
compiling stm32f10x_exti.c...
compiling stm32f10x_spi.c...
compiling stm32f10x_iwdg.c...
compiling stm32f10x_rtc.c...
compiling stm32f10x_pwr.c...
compiling stm32f10x_bkp.c...
compiling malloc.c...
compiling fattester.c...
compiling diskio.c...
compiling ff.c...
compiling cc936.c...
compiling exfuns.c...
linking...
Program Size: Code=61756 RO-data=176948 RW-data=696 ZI-data=47784  
"..\OBJ\工程文件.axf" - 0 Error(s), 0 Warning(s).

<h2>Software Packages used:</h2>

Package Vendor: Keil
                http://www.keil.com/pack/Keil.STM32F1xx_DFP.2.0.0.pack
                Keil.STM32F1xx_DFP.2.0.0
                STMicroelectronics STM32F1 Series Device Support, Drivers and Examples

<h2>Collection of Component include folders:</h2>
  .\RTE\_____
  D:\Program Files (x86)\Keil_v5\ARM\PACK\Keil\STM32F1xx_DFP\2.0.0\Device\Include

<h2>Collection of Component Files used:</h2>
Build Time Elapsed:  00:00:16
</pre>
</body>
</html>
